Archive member included to satisfy reference by file (symbol)

NuttX/nuttx/arch/arm/src/libarch.a(arm_vectors.o)
                              (_vectors)
NuttX/nuttx/arch/arm/src/libarch.a(arm_exception.o)
                              NuttX/nuttx/arch/arm/src/libarch.a(arm_vectors.o) (exception_common)
NuttX/nuttx/arch/arm/src/libarch.a(stm32_start.o)
                              NuttX/nuttx/arch/arm/src/libarch.a(arm_vectors.o) (__start)
NuttX/nuttx/arch/arm/src/libarch.a(stm32_rcc.o)
                              NuttX/nuttx/arch/arm/src/libarch.a(stm32_start.o) (stm32_clockconfig)
NuttX/nuttx/arch/arm/src/libarch.a(stm32_lowputc.o)
                              NuttX/nuttx/arch/arm/src/libarch.a(stm32_start.o) (stm32_lowsetup)
NuttX/nuttx/arch/arm/src/libarch.a(stm32_pwr.o)
                              NuttX/nuttx/arch/arm/src/libarch.a(stm32_rcc.o) (stm32_pwr_initbkp)
NuttX/nuttx/arch/arm/src/libarch.a(arm_modifyreg32.o)
                              NuttX/nuttx/arch/arm/src/libarch.a(stm32_pwr.o) (modifyreg32)
NuttX/nuttx/arch/arm/src/libarch.a(arm_udelay.o)
                              NuttX/nuttx/arch/arm/src/libarch.a(stm32_pwr.o) (up_udelay)
NuttX/nuttx/arch/arm/src/libarch.a(arm_cache.o)
                              NuttX/nuttx/arch/arm/src/libarch.a(stm32_start.o) (up_enable_icache)
NuttX/nuttx/arch/arm/src/libarch.a(arm_doirq.o)
                              NuttX/nuttx/arch/arm/src/libarch.a(arm_exception.o) (arm_doirq)
NuttX/nuttx/arch/arm/src/libarch.a(arm_fpuconfig.o)
                              NuttX/nuttx/arch/arm/src/libarch.a(stm32_start.o) (arm_fpuconfig)
NuttX/nuttx/arch/arm/src/libarch.a(stm32_irq.o)
                              NuttX/nuttx/arch/arm/src/libarch.a(arm_doirq.o) (g_current_regs)
NuttX/nuttx/arch/arm/src/libarch.a(arm_hardfault.o)
                              NuttX/nuttx/arch/arm/src/libarch.a(stm32_irq.o) (arm_hardfault)
NuttX/nuttx/arch/arm/src/libarch.a(arm_svcall.o)
                              NuttX/nuttx/arch/arm/src/libarch.a(stm32_irq.o) (arm_svcall)
NuttX/nuttx/libs/libc/libc.a(arch_memcpy.o)
                              NuttX/nuttx/arch/arm/src/libarch.a(stm32_start.o) (memcpy)
NuttX/nuttx/libs/libc/libc.a(lib_assert.o)
                              NuttX/nuttx/arch/arm/src/libarch.a(arm_hardfault.o) (_assert)
NuttX/nuttx/libs/libc/libc.a(lib_abort.o)
                              (abort)
NuttX/nuttx/libs/libc/libc.a(lib_exit.o)
                              NuttX/nuttx/libs/libc/libc.a(lib_assert.o) (exit)
NuttX/nuttx/libs/libc/libc.a(lib_memset.o)
                              NuttX/nuttx/arch/arm/src/libarch.a(stm32_start.o) (memset)
boards/hkust/nxt-dual/src/libdrivers_board.a(bootloader_main.c.obj)
                              NuttX/nuttx/arch/arm/src/libarch.a(stm32_start.o) (stm32_boardinitialize)
boards/hkust/nxt-dual/src/libdrivers_board.a(usb.c.obj)
                              boards/hkust/nxt-dual/src/libdrivers_board.a(bootloader_main.c.obj) (stm32_usbinitialize)
NuttX/nuttx/sched/libsched.a(nx_start.o)
                              NuttX/nuttx/arch/arm/src/libarch.a(stm32_start.o) (nx_start)
NuttX/nuttx/sched/libsched.a(nx_bringup.o)
                              NuttX/nuttx/sched/libsched.a(nx_start.o) (nx_bringup)
NuttX/nuttx/sched/libsched.a(irq_attach.o)
                              NuttX/nuttx/arch/arm/src/libarch.a(stm32_irq.o) (irq_attach)
NuttX/nuttx/sched/libsched.a(irq_dispatch.o)
                              NuttX/nuttx/arch/arm/src/libarch.a(arm_doirq.o) (irq_dispatch)
NuttX/nuttx/sched/libsched.a(irq_unexpectedisr.o)
                              NuttX/nuttx/sched/libsched.a(irq_attach.o) (irq_unexpected_isr)
NuttX/nuttx/sched/libsched.a(sched_lock.o)
                              NuttX/nuttx/sched/libsched.a(nx_start.o) (sched_lock)
NuttX/nuttx/sched/libsched.a(sched_unlock.o)
                              NuttX/nuttx/sched/libsched.a(nx_start.o) (sched_unlock)
NuttX/nuttx/sched/libsched.a(task_create.o)
                              NuttX/nuttx/sched/libsched.a(nx_bringup.o) (nxtask_create)
NuttX/nuttx/sched/libsched.a(task_init.o)
                              NuttX/nuttx/sched/libsched.a(task_create.o) (nxtask_init)
NuttX/nuttx/sched/libsched.a(task_setup.o)
                              NuttX/nuttx/sched/libsched.a(task_init.o) (nxtask_setup_scheduler)
NuttX/nuttx/sched/libsched.a(task_activate.o)
                              NuttX/nuttx/sched/libsched.a(task_create.o) (nxtask_activate)
NuttX/nuttx/sched/libsched.a(task_start.o)
                              NuttX/nuttx/sched/libsched.a(task_init.o) (nxtask_start)
NuttX/nuttx/sched/libsched.a(exit.o)
                              NuttX/nuttx/libs/libc/libc.a(lib_exit.o) (_exit)
NuttX/nuttx/sched/libsched.a(tls_initinfo.o)
                              NuttX/nuttx/sched/libsched.a(nx_start.o) (tls_init_info)
NuttX/nuttx/sched/libsched.a(group_create.o)
                              NuttX/nuttx/sched/libsched.a(nx_start.o) (group_allocate)
[...]
Memory Configuration

Name             Origin             Length             Attributes
itcm             0x00000000         0x00010000         xrw
flash            0x08000000         0x00200000         xr
dtcm1            0x20000000         0x00010000         xrw
dtcm2            0x20010000         0x00010000         xrw
sram             0x24000000         0x00080000         xrw
sram1            0x30000000         0x00020000         xrw
sram2            0x30020000         0x00020000         xrw
sram3            0x30040000         0x00008000         xrw
sram4            0x38000000         0x00010000         xrw
bbram            0x38800000         0x00001000         xrw
*default*        0x00000000         0xffffffff

Linker script and memory map

LOAD platforms/nuttx/CMakeFiles/px4.dir/__/common/empty.c.obj

.text           0x08000000     0xa7bc
                0x08000000                        _stext = ABSOLUTE (.)
 *(.vectors)
 .vectors       0x08000000      0x298 NuttX/nuttx/arch/arm/src/libarch.a(arm_vectors.o)
                0x08000000                _vectors
                0x080002a0                        . = ALIGN (0x20)
 *fill*         0x08000298        0x8 
                0x080002a0                        _bootdelay_signature = ABSOLUTE (.)
 FILL mask 0xffecc2925d7d05c5
                0x080002a8                        . = (. + 0x8)
 *fill*         0x080002a0        0x8 ffecc2925d7d05c5
 *(.text .text.*)
 .text.exception_common
                0x080002a8       0x5c NuttX/nuttx/arch/arm/src/libarch.a(arm_exception.o)
                0x080002a8                exception_common
 .text.__start  0x08000304       0x90 NuttX/nuttx/arch/arm/src/libarch.a(stm32_start.o)
                0x08000304                __start
 .text.stm32_stdclockconfig
                0x08000394      0x1c4 NuttX/nuttx/arch/arm/src/libarch.a(stm32_rcc.o)
                0x08000394                stm32_stdclockconfig
 .text.stm32_clockconfig
                0x08000558       0xbc NuttX/nuttx/arch/arm/src/libarch.a(stm32_rcc.o)
                0x08000558                stm32_clockconfig
 .text.stm32_lowsetup
                0x08000614        0x2 NuttX/nuttx/arch/arm/src/libarch.a(stm32_lowputc.o)
                0x08000614                stm32_lowsetup
 *fill*         0x08000616        0x2 ffecc2925d7d05c5
 .text.stm32_pwr_enablebkp
                0x08000618       0x84 NuttX/nuttx/arch/arm/src/libarch.a(stm32_pwr.o)
                0x08000618                stm32_pwr_enablebkp
 .text.stm32_pwr_initbkp
                0x0800069c       0x3c NuttX/nuttx/arch/arm/src/libarch.a(stm32_pwr.o)
                0x0800069c                stm32_pwr_initbkp
 .text.modifyreg32
                0x080006d8       0x2a NuttX/nuttx/arch/arm/src/libarch.a(arm_modifyreg32.o)
                0x080006d8                modifyreg32
 *fill*         0x08000702        0x2 ffecc2925d7d05c5
 .text.up_udelay
                0x08000704       0x7c NuttX/nuttx/arch/arm/src/libarch.a(arm_udelay.o)
                0x08000704                up_udelay
 .text.up_enable_icache
                0x08000780       0x28 NuttX/nuttx/arch/arm/src/libarch.a(arm_cache.o)
                0x08000780                up_enable_icache
 .text.arm_doirq
                0x080007a8       0x30 NuttX/nuttx/arch/arm/src/libarch.a(arm_doirq.o)
                0x080007a8                arm_doirq
 .text.arm_fpuconfig
                0x080007d8       0x2a NuttX/nuttx/arch/arm/src/libarch.a(arm_fpuconfig.o)
                0x080007d8                arm_fpuconfig
 *fill*         0x08000802        0x2 ffecc2925d7d05c5
 .text.stm32_irqinfo
                0x08000804       0xb4 NuttX/nuttx/arch/arm/src/libarch.a(stm32_irq.o)
 .text.up_irqinitialize
                0x080008b8       0xa4 NuttX/nuttx/arch/arm/src/libarch.a(stm32_irq.o)
                0x080008b8                up_irqinitialize
 .text.up_disable_irq
                0x0800095c       0x28 NuttX/nuttx/arch/arm/src/libarch.a(stm32_irq.o)
                0x0800095c                up_disable_irq
 .text.up_enable_irq
                0x08000984       0x26 NuttX/nuttx/arch/arm/src/libarch.a(stm32_irq.o)
                0x08000984                up_enable_irq
 .text.arm_ack_irq
                0x080009aa        0x2 NuttX/nuttx/arch/arm/src/libarch.a(stm32_irq.o)
                0x080009aa                arm_ack_irq
 .text.arm_hardfault
                0x080009ac       0x30 NuttX/nuttx/arch/arm/src/libarch.a(arm_hardfault.o)
                0x080009ac                arm_hardfault
 .text.arm_svcall
                0x080009dc       0x30 NuttX/nuttx/arch/arm/src/libarch.a(arm_svcall.o)
                0x080009dc                arm_svcall
 *fill*         0x08000a0c        0x4 ffecc2925d7d05c5
 .text.memcpy   0x08000a10      0x230 NuttX/nuttx/libs/libc/libc.a(arch_memcpy.o)
                0x08000a30                memcpy
 .text._assert  0x08000c40        0xc NuttX/nuttx/libs/libc/libc.a(lib_assert.o)
                0x08000c40                _assert
 .text.unlikely.abort
                0x08000c4c        0x8 NuttX/nuttx/libs/libc/libc.a(lib_abort.o)
                0x08000c4c                abort
 .text.exit     0x08000c54        0x6 NuttX/nuttx/libs/libc/libc.a(lib_exit.o)
                0x08000c54                exit
 .text.memset   0x08000c5a       0x90 NuttX/nuttx/libs/libc/libc.a(lib_memset.o)
                0x08000c5a                memset
 .text.board_on_reset
                0x08000cea        0x2 boards/hkust/nxt-dual/src/libdrivers_board.a(bootloader_main.c.obj)
                0x08000cea                board_on_reset
 .text.stm32_boardinitialize
                0x08000cec        0x4 boards/hkust/nxt-dual/src/libdrivers_board.a(bootloader_main.c.obj)
                0x08000cec                stm32_boardinitialize
 .text.board_app_initialize
                0x08000cf0        0x4 boards/hkust/nxt-dual/src/libdrivers_board.a(bootloader_main.c.obj)
                0x08000cf0                board_app_initialize
 .text.board_late_initialize
                0x08000cf4        0x8 boards/hkust/nxt-dual/src/libdrivers_board.a(bootloader_main.c.obj)
                0x08000cf4                board_late_initialize
 .text.board_timerhook
                0x08000cfc        0x4 boards/hkust/nxt-dual/src/libdrivers_board.a(bootloader_main.c.obj)
                0x08000cfc                board_timerhook
 .text.stm32_usbinitialize
                0x08000d00        0xc boards/hkust/nxt-dual/src/libdrivers_board.a(usb.c.obj)
                0x08000d00                stm32_usbinitialize
 .text.stm32_usbsuspend
                0x08000d0c        0x2 boards/hkust/nxt-dual/src/libdrivers_board.a(usb.c.obj)
                0x08000d0c                stm32_usbsuspend
 *fill*         0x08000d0e        0x2 ffecc2925d7d05c5
 .text.nx_start
                0x08000d10      0x128 NuttX/nuttx/sched/libsched.a(nx_start.o)
                0x08000d10                nx_start
 .text.nx_start_task
                0x08000e38       0x28 NuttX/nuttx/sched/libsched.a(nx_bringup.o)
 .text.nx_bringup
                0x08000e60       0x24 NuttX/nuttx/sched/libsched.a(nx_bringup.o)
                0x08000e60                nx_bringup
 .text.irq_attach
                0x08000e84       0x50 NuttX/nuttx/sched/libsched.a(irq_attach.o)
                0x08000e84                irq_attach
 .text.irq_dispatch
                0x08000ed4       0x3c NuttX/nuttx/sched/libsched.a(irq_dispatch.o)
                0x08000ed4                irq_dispatch
 .text.irq_unexpected_isr
                0x08000f10       0x24 NuttX/nuttx/sched/libsched.a(irq_unexpectedisr.o)
                0x08000f10                irq_unexpected_isr
 .text.sched_lock
                0x08000f34       0x20 NuttX/nuttx/sched/libsched.a(sched_lock.o)
                0x08000f34                sched_lock
 .text.sched_unlock
                0x08000f54       0x5c NuttX/nuttx/sched/libsched.a(sched_unlock.o)
                0x08000f54                sched_unlock
 .text.nxthread_create
                0x08000fb0       0x56 NuttX/nuttx/sched/libsched.a(task_create.o)
 .text.nxtask_create
                0x08001006       0x18 NuttX/nuttx/sched/libsched.a(task_create.o)
                0x08001006                nxtask_create
 .text.kthread_create_with_stack
                0x0800101e       0x1a NuttX/nuttx/sched/libsched.a(task_create.o)
                0x0800101e                kthread_create_with_stack
 .text.kthread_create
                0x08001038       0x14 NuttX/nuttx/sched/libsched.a(task_create.o)
                0x08001038                kthread_create
 .text.nxtask_init
                0x0800104c       0xa0 NuttX/nuttx/sched/libsched.a(task_init.o)
                0x0800104c                nxtask_init
 .text.nxtask_setup_scheduler
                0x080010ec      0x120 NuttX/nuttx/sched/libsched.a(task_setup.o)
                0x080010ec                nxtask_setup_scheduler
 .text.nxtask_setup_arguments
                0x0800120c       0xd8 NuttX/nuttx/sched/libsched.a(task_setup.o)
                0x0800120c                nxtask_setup_arguments
 .text.nxtask_activate
                0x080012e4       0x24 NuttX/nuttx/sched/libsched.a(task_activate.o)
                0x080012e4                nxtask_activate
 .text.nxtask_start
                0x08001308       0x54 NuttX/nuttx/sched/libsched.a(task_start.o)
                0x08001308                nxtask_start
 .text._exit    0x0800135c       0x1c NuttX/nuttx/sched/libsched.a(exit.o)
                0x0800135c                _exit
 .text.tls_init_info
                0x08001378       0x1c NuttX/nuttx/sched/libsched.a(tls_initinfo.o)
                0x08001378                tls_init_info
 .text.group_allocate
                0x08001394       0x3c NuttX/nuttx/sched/libsched.a(group_create.o)
                0x08001394                group_allocate
 .text.group_initialize
                0x080013d0        0xc NuttX/nuttx/sched/libsched.a(group_create.o)
                0x080013d0                group_initialize
 .text.group_leave
                0x080013dc       0x3a NuttX/nuttx/sched/libsched.a(group_leave.o)
                0x080013dc                group_leave
 .text.group_setupidlefiles
                0x08001416        0x4 NuttX/nuttx/sched/libsched.a(group_setupidlefiles.o)
                0x08001416                group_setupidlefiles
 .text.group_setuptaskfiles
                0x0800141a        0x4 NuttX/nuttx/sched/libsched.a(group_setuptaskfiles.o)
                0x0800141a                group_setuptaskfiles
 *fill*         0x0800141e        0x2 ffecc2925d7d05c5
 .text.irq_initialize
                0x08001420       0x1c NuttX/nuttx/sched/libsched.a(irq_initialize.o)
                0x08001420                irq_initialize
 .text.nxsched_release_tcb
                0x0800143c       0x5c NuttX/nuttx/sched/libsched.a(sched_releasetcb.o)
                0x0800143c                nxsched_release_tcb
 .text.nxsig_procmask
                0x08001498       0x70 NuttX/nuttx/sched/libsched.a(sig_procmask.o)
                0x08001498                nxsig_procmask
 .text.nxsig_unmask_pendingsignal
                0x08001508       0x64 NuttX/nuttx/sched/libsched.a(sig_unmaskpendingsignal.o)
                0x08001508                nxsig_unmask_pendingsignal
 .text.nxsig_remove_pendingsignal
                0x0800156c       0x48 NuttX/nuttx/sched/libsched.a(sig_removependingsignal.o)
                0x0800156c                nxsig_remove_pendingsignal
 .text.nxsig_release_pendingsignal
                0x080015b4       0x5c NuttX/nuttx/sched/libsched.a(sig_releasependingsignal.o)
                0x080015b4                nxsig_release_pendingsignal
 .text.nxsig_lowest
                0x08001610       0x1e NuttX/nuttx/sched/libsched.a(sig_lowest.o)
                0x08001610                nxsig_lowest
 .text.nxsig_cleanup
                0x0800162e       0x32 NuttX/nuttx/sched/libsched.a(sig_cleanup.o)
                0x0800162e                nxsig_cleanup
 .text.nxsig_release
                0x08001660       0x28 NuttX/nuttx/sched/libsched.a(sig_cleanup.o)
                0x08001660                nxsig_release
 .text.nxsig_tcbdispatch
                0x08001688      0x204 NuttX/nuttx/sched/libsched.a(sig_dispatch.o)
                0x08001688                nxsig_tcbdispatch
 .text.nxsig_dispatch
                0x0800188c       0x1a NuttX/nuttx/sched/libsched.a(sig_dispatch.o)
                0x0800188c                nxsig_dispatch
 .text.nxsig_deliver
                0x080018a6       0xdc NuttX/nuttx/sched/libsched.a(sig_deliver.o)
                0x080018a6                nxsig_deliver
 .text.nxsig_null_action
                0x08001982        0x2 NuttX/nuttx/sched/libsched.a(sig_default.o)
 .text.nxsig_stop_task
                0x08001984       0x1c NuttX/nuttx/sched/libsched.a(sig_default.o)
 .text.nxsig_abnormal_termination
                0x080019a0       0x10 NuttX/nuttx/sched/libsched.a(sig_default.o)
 .text.nxsig_isdefault
                0x080019b0       0x14 NuttX/nuttx/sched/libsched.a(sig_default.o)
                0x080019b0                nxsig_isdefault
 .text.nxsig_iscatchable
                0x080019c4       0x2c NuttX/nuttx/sched/libsched.a(sig_default.o)
                0x080019c4                nxsig_iscatchable
 .text.nxsig_default
                0x080019f0       0x74 NuttX/nuttx/sched/libsched.a(sig_default.o)
                0x080019f0                nxsig_default
 .text.nxsig_default_initialize
                0x08001a64       0x50 NuttX/nuttx/sched/libsched.a(sig_default.o)
                0x08001a64                nxsig_default_initialize
 .text.nxtask_exithook
                0x08001ab4       0x38 NuttX/nuttx/sched/libsched.a(task_exithook.o)
                0x08001ab4                nxtask_exithook
 .text.nxtask_recover
                0x08001aec       0x12 NuttX/nuttx/sched/libsched.a(task_recover.o)
                0x08001aec                nxtask_recover
 .text.task_init_info
                0x08001afe       0x22 NuttX/nuttx/sched/libsched.a(task_initinfo.o)
                0x08001afe                task_init_info
 .text.task_uninit_info
                0x08001b20       0x14 NuttX/nuttx/sched/libsched.a(task_uninitinfo.o)
                0x08001b20                task_uninit_info
 .text.wd_recover
                0x08001b34        0x6 NuttX/nuttx/sched/libsched.a(wd_recover.o)
                0x08001b34                wd_recover
 .text.group_setupstreams
                0x08001b3a       0x2c NuttX/nuttx/sched/libsched.a(group_setupstreams.o)
                0x08001b3a                group_setupstreams
 *fill*         0x08001b66        0x2 ffecc2925d7d05c5
 .text.nxsched_get_tcb
                0x08001b68       0x4c NuttX/nuttx/sched/libsched.a(sched_gettcb.o)
                0x08001b68                nxsched_get_tcb
 .text.nxsched_suspend
                0x08001bb4       0x42 NuttX/nuttx/sched/libsched.a(sched_suspend.o)
                0x08001bb4                nxsched_suspend
 .text.nxsched_continue
                0x08001bf6       0x24 NuttX/nuttx/sched/libsched.a(sched_continue.o)
                0x08001bf6                nxsched_continue
 .text.nxsem_destroy
                0x08001c1a       0x16 NuttX/nuttx/sched/libsched.a(sem_destroy.o)
                0x08001c1a                nxsem_destroy
 .text.sem_destroy
                0x08001c30       0x1a NuttX/nuttx/sched/libsched.a(sem_destroy.o)
                0x08001c30                sem_destroy
 .text.nxsem_recover
                0x08001c4a       0x32 NuttX/nuttx/sched/libsched.a(sem_recover.o)
                0x08001c4a                nxsem_recover
 .text.nxsem_wait_irq
                0x08001c7c       0x3a NuttX/nuttx/sched/libsched.a(sem_waitirq.o)
                0x08001c7c                nxsem_wait_irq
 *fill*         0x08001cb6        0x2 ffecc2925d7d05c5
 .text.nxsig_initialize
                0x08001cb8       0xbc NuttX/nuttx/sched/libsched.a(sig_initialize.o)
                0x08001cb8                nxsig_initialize
 .text.nxsig_release_action
                0x08001d74       0x2c NuttX/nuttx/sched/libsched.a(sig_action.o)
                0x08001d74                nxsig_release_action
 .text.nxsig_action
                0x08001da0      0x164 NuttX/nuttx/sched/libsched.a(sig_action.o)
                0x08001da0                nxsig_action
 .text.nxsig_pendingset
                0x08001f04       0x38 NuttX/nuttx/sched/libsched.a(sig_pending.o)
                0x08001f04                nxsig_pendingset
 .text.nxsig_find_action
                0x08001f3c       0x22 NuttX/nuttx/sched/libsched.a(sig_findaction.o)
                0x08001f3c                nxsig_find_action
 *fill*         0x08001f5e        0x2 ffecc2925d7d05c5
 .text.nxsig_alloc_pendingsigaction
                0x08001f60       0x58 NuttX/nuttx/sched/libsched.a(sig_allocpendingsigaction.o)
                0x08001f60                nxsig_alloc_pendingsigaction
 .text.nxsig_release_pendingsigaction
                0x08001fb8       0x5c NuttX/nuttx/sched/libsched.a(sig_releasependingsigaction.o)
                0x08001fb8                nxsig_release_pendingsigaction
 .text.wd_cancel
                0x08002014       0x68 NuttX/nuttx/sched/libsched.a(wd_cancel.o)
                0x08002014                wd_cancel
 .text.nxsched_add_blocked
                0x0800207c       0x28 NuttX/nuttx/sched/libsched.a(sched_addblocked.o)
                0x0800207c                nxsched_add_blocked
 .text.nxsched_remove_blocked
                0x080020a4       0x1c NuttX/nuttx/sched/libsched.a(sched_removeblocked.o)
                0x080020a4                nxsched_remove_blocked
 .text.nxsched_add_prioritized
                0x080020c0       0x40 NuttX/nuttx/sched/libsched.a(sched_addprioritized.o)
                0x080020c0                nxsched_add_prioritized
 .text.binfmt_initialize
                0x08002100        0x2 NuttX/nuttx/binfmt/libbinfmt.a(binfmt_initialize.o)
                0x08002100                binfmt_initialize
 *fill*         0x08002102        0x2 ffecc2925d7d05c5
 .text.sercon_main
                0x08002104       0x60 NuttX/apps/libapps.a(cdcacm_main.c.Users.carbs.Desktop.PX4-Autopilot.platforms.nuttx.NuttX.apps.system.cdcacm.o)
                0x08002104                sercon_main
 .text.up_allocate_heap
                0x08002164       0x18 NuttX/nuttx/arch/arm/src/libarch.a(stm32_allocateheap.o)
                0x08002164                up_allocate_heap
 .text.stm32_gpiowrite
                0x0800217c       0x28 NuttX/nuttx/arch/arm/src/libarch.a(stm32_gpio.o)
                0x0800217c                stm32_gpiowrite
 .text.stm32_configgpio
                0x080021a4      0x1d0 NuttX/nuttx/arch/arm/src/libarch.a(stm32_gpio.o)
                0x080021a4                stm32_configgpio
 .text.stm32_unconfiggpio
                0x08002374        0x6 NuttX/nuttx/arch/arm/src/libarch.a(stm32_gpio.o)
                0x08002374                stm32_unconfiggpio
 *fill*         0x0800237a        0x2 ffecc2925d7d05c5
 .text.stm32_gpioread
                0x0800237c       0x30 NuttX/nuttx/arch/arm/src/libarch.a(stm32_gpio.o)
                0x0800237c                stm32_gpioread
 .text.up_assert
                0x080023ac       0x4c NuttX/nuttx/arch/arm/src/libarch.a(arm_assert.o)
                0x080023ac                up_assert
 .text.up_block_task
                0x080023f8       0x5c NuttX/nuttx/arch/arm/src/libarch.a(arm_blocktask.o)
                0x080023f8                up_block_task
 .text.up_create_stack
                0x08002454       0x4c NuttX/nuttx/arch/arm/src/libarch.a(arm_createstack.o)
                0x08002454                up_create_stack
 .text.up_exit  0x080024a0       0x2c NuttX/nuttx/arch/arm/src/libarch.a(arm_exit.o)
                0x080024a0                up_exit
 .text.arm_fullcontextrestore
                0x080024cc        0xc NuttX/nuttx/arch/arm/src/libarch.a(arm_fullcontextrestore.o)
                0x080024cc                arm_fullcontextrestore
 .text.up_initialize
                0x080024d8       0x30 NuttX/nuttx/arch/arm/src/libarch.a(arm_initialize.o)
                0x080024d8                up_initialize
 .text.up_release_pending
                0x08002508       0x34 NuttX/nuttx/arch/arm/src/libarch.a(arm_releasepending.o)
                0x08002508                up_release_pending
 .text.up_release_stack
                0x0800253c       0x24 NuttX/nuttx/arch/arm/src/libarch.a(arm_releasestack.o)
                0x0800253c                up_release_stack
 .text.up_stack_frame
                0x08002560       0x36 NuttX/nuttx/arch/arm/src/libarch.a(arm_stackframe.o)
                0x08002560                up_stack_frame
 .text.arm_switchcontext
                0x08002596       0x10 NuttX/nuttx/arch/arm/src/libarch.a(arm_switchcontext.o)
                0x08002596                arm_switchcontext
 *fill*         0x080025a6        0x2 ffecc2925d7d05c5
 .text.up_unblock_task
                0x080025a8       0x3c NuttX/nuttx/arch/arm/src/libarch.a(arm_unblocktask.o)
                0x080025a8                up_unblock_task
 .text.up_use_stack
                0x080025e4       0x2e NuttX/nuttx/arch/arm/src/libarch.a(arm_usestack.o)
                0x080025e4                up_use_stack
 *fill*         0x08002612        0x2 ffecc2925d7d05c5
 .text.arm_stack_color
                0x08002614       0x40 NuttX/nuttx/arch/arm/src/libarch.a(arm_checkstack.o)
                0x08002614                arm_stack_color
 .text.up_idle  0x08002654        0x2 NuttX/nuttx/arch/arm/src/libarch.a(arm_idle.o)
                0x08002654                up_idle
 *fill*         0x08002656        0x2 ffecc2925d7d05c5
 .text.up_initial_state
                0x08002658       0x78 NuttX/nuttx/arch/arm/src/libarch.a(arm_initialstate.o)
                0x08002658                up_initial_state
 .text.up_schedule_sigaction
                0x080026d0       0x84 NuttX/nuttx/arch/arm/src/libarch.a(arm_schedulesigaction.o)
                0x080026d0                up_schedule_sigaction
 .text.arm_sigdeliver
                0x08002754       0x3c NuttX/nuttx/arch/arm/src/libarch.a(arm_sigdeliver.o)
                0x08002754                arm_sigdeliver
 .text.up_setusartint
                0x08002790       0x22 NuttX/nuttx/arch/arm/src/libarch.a(stm32_serial.o)
 .text.up_restoreusartint
                0x080027b2       0x24 NuttX/nuttx/arch/arm/src/libarch.a(stm32_serial.o)
 *fill*         0x080027d6        0x2 ffecc2925d7d05c5
 .text.up_set_format
                0x080027d8       0xe4 NuttX/nuttx/arch/arm/src/libarch.a(stm32_serial.o)
 .text.up_receive
                0x080028bc       0x1a NuttX/nuttx/arch/arm/src/libarch.a(stm32_serial.o)
 .text.up_rxint
                0x080028d6       0x3a NuttX/nuttx/arch/arm/src/libarch.a(stm32_serial.o)
 .text.up_rxavailable
                0x08002910        0xc NuttX/nuttx/arch/arm/src/libarch.a(stm32_serial.o)
 .text.up_send  0x0800291c        0x8 NuttX/nuttx/arch/arm/src/libarch.a(stm32_serial.o)
 .text.up_txint
                0x08002924       0x38 NuttX/nuttx/arch/arm/src/libarch.a(stm32_serial.o)
 .text.up_txready
                0x0800295c        0xc NuttX/nuttx/arch/arm/src/libarch.a(stm32_serial.o)
 .text.up_ioctl
                0x08002968       0xae NuttX/nuttx/arch/arm/src/libarch.a(stm32_serial.o)
 .text.up_detach
                0x08002a16       0x1c NuttX/nuttx/arch/arm/src/libarch.a(stm32_serial.o)
 *fill*         0x08002a32        0x2 ffecc2925d7d05c5
 .text.up_attach
                0x08002a34       0x24 NuttX/nuttx/arch/arm/src/libarch.a(stm32_serial.o)
 .text.up_interrupt
                0x08002a58       0x46 NuttX/nuttx/arch/arm/src/libarch.a(stm32_serial.o)
 .text.up_rxflowcontrol
                0x08002a9e       0x24 NuttX/nuttx/arch/arm/src/libarch.a(stm32_serial.o)
 *fill*         0x08002ac2        0x2 ffecc2925d7d05c5
 .text.up_setup
                0x08002ac4       0x98 NuttX/nuttx/arch/arm/src/libarch.a(stm32_serial.o)
 .text.up_shutdown
                0x08002b5c       0x70 NuttX/nuttx/arch/arm/src/libarch.a(stm32_serial.o)
 .text.arm_serialinit
                0x08002bcc       0x38 NuttX/nuttx/arch/arm/src/libarch.a(stm32_serial.o)
                0x08002bcc                arm_serialinit
 .text.up_putc  0x08002c04        0x2 NuttX/nuttx/arch/arm/src/libarch.a(stm32_serial.o)
                0x08002c04                up_putc
 .text.stm32_req_complete
                0x08002c06       0x3c NuttX/nuttx/arch/arm/src/libarch.a(stm32_otgdev.o)
 .text.stm32_req_dispatch
                0x08002c42       0x32 NuttX/nuttx/arch/arm/src/libarch.a(stm32_otgdev.o)
 .text.stm32_epout_configure
                0x08002c74       0x68 NuttX/nuttx/arch/arm/src/libarch.a(stm32_otgdev.o)
 .text.stm32_epin_configure
                0x08002cdc       0x64 NuttX/nuttx/arch/arm/src/libarch.a(stm32_otgdev.o)
 .text.stm32_ep_configure
                0x08002d40       0x16 NuttX/nuttx/arch/arm/src/libarch.a(stm32_otgdev.o)
 *fill*         0x08002d56        0x2 ffecc2925d7d05c5
 .text.stm32_ep_clrstall
                0x08002d58       0x38 NuttX/nuttx/arch/arm/src/libarch.a(stm32_otgdev.o)
 .text.stm32_ep_alloc
                0x08002d90       0x76 NuttX/nuttx/arch/arm/src/libarch.a(stm32_otgdev.o)
 .text.stm32_ep_free
                0x08002e06       0x38 NuttX/nuttx/arch/arm/src/libarch.a(stm32_otgdev.o)
 *fill*         0x08002e3e        0x2 ffecc2925d7d05c5
 .text.stm32_getframe
                0x08002e40       0x10 NuttX/nuttx/arch/arm/src/libarch.a(stm32_otgdev.o)
 .text.stm32_selfpowered
                0x08002e50        0xc NuttX/nuttx/arch/arm/src/libarch.a(stm32_otgdev.o)
 .text.stm32_pullup
                0x08002e5c       0x3c NuttX/nuttx/arch/arm/src/libarch.a(stm32_otgdev.o)
 .text.stm32_ep_freereq
                0x08002e98        0x6 NuttX/nuttx/arch/arm/src/libarch.a(stm32_otgdev.o)
 .text.stm32_ep_allocreq
                0x08002e9e       0x18 NuttX/nuttx/arch/arm/src/libarch.a(stm32_otgdev.o)
 *fill*         0x08002eb6        0x2 ffecc2925d7d05c5
 .text.stm32_wakeup
                0x08002eb8       0x50 NuttX/nuttx/arch/arm/src/libarch.a(stm32_otgdev.o)
 .text.stm32_epout_request
                0x08002f08       0x84 NuttX/nuttx/arch/arm/src/libarch.a(stm32_otgdev.o)
 .text.stm32_rxfifo_flush.isra.0
                0x08002f8c       0x20 NuttX/nuttx/arch/arm/src/libarch.a(stm32_otgdev.o)
 .text.stm32_txfifo_flush.isra.0
                0x08002fac       0x24 NuttX/nuttx/arch/arm/src/libarch.a(stm32_otgdev.o)
 .text.stm32_req_cancel
                0x08002fd0       0x2e NuttX/nuttx/arch/arm/src/libarch.a(stm32_otgdev.o)
 .text.stm32_ep_cancel
                0x08002ffe       0x2a NuttX/nuttx/arch/arm/src/libarch.a(stm32_otgdev.o)
 .text.stm32_ep_disable
                0x08003028      0x118 NuttX/nuttx/arch/arm/src/libarch.a(stm32_otgdev.o)
 .text.stm32_rxfifo_discard.isra.0
                0x08003140       0x1c NuttX/nuttx/arch/arm/src/libarch.a(stm32_otgdev.o)
 .text.stm32_rxfifo_read.isra.0
                0x0800315c       0x38 NuttX/nuttx/arch/arm/src/libarch.a(stm32_otgdev.o)
 .text.stm32_epin_transfer
                0x08003194       0x90 NuttX/nuttx/arch/arm/src/libarch.a(stm32_otgdev.o)
 .text.stm32_epin_request
                0x08003224       0xdc NuttX/nuttx/arch/arm/src/libarch.a(stm32_otgdev.o)
 .text.stm32_ep_submit
                0x08003300       0x68 NuttX/nuttx/arch/arm/src/libarch.a(stm32_otgdev.o)
 .text.stm32_ep0out_ctrlsetup.isra.0
                0x08003368       0x20 NuttX/nuttx/arch/arm/src/libarch.a(stm32_otgdev.o)
 .text.stm32_ep0in_setupresponse
                0x08003388       0x1c NuttX/nuttx/arch/arm/src/libarch.a(stm32_otgdev.o)
 .text.stm32_ep0in_transmitzlp
                0x080033a4        0x8 NuttX/nuttx/arch/arm/src/libarch.a(stm32_otgdev.o)
 .text.stm32_usbreset.constprop.0
                0x080033ac       0xe8 NuttX/nuttx/arch/arm/src/libarch.a(stm32_otgdev.o)
 .text.stm32_epout_setstall
                0x08003494       0x54 NuttX/nuttx/arch/arm/src/libarch.a(stm32_otgdev.o)
 .text.stm32_ep_setstall
                0x080034e8       0x2c NuttX/nuttx/arch/arm/src/libarch.a(stm32_otgdev.o)
 .text.stm32_ep_stall
                0x08003514       0x2c NuttX/nuttx/arch/arm/src/libarch.a(stm32_otgdev.o)
 .text.stm32_ep0out_setup
                0x08003540      0x320 NuttX/nuttx/arch/arm/src/libarch.a(stm32_otgdev.o)
 .text.stm32_usbinterrupt
                0x08003860      0x4a4 NuttX/nuttx/arch/arm/src/libarch.a(stm32_otgdev.o)
 .text.usbdev_register
                0x08003d04       0x34 NuttX/nuttx/arch/arm/src/libarch.a(stm32_otgdev.o)
                0x08003d04                usbdev_register
 .text.usbdev_unregister
                0x08003d38       0x64 NuttX/nuttx/arch/arm/src/libarch.a(stm32_otgdev.o)
                0x08003d38                usbdev_unregister
 .text.arm_usbuninitialize
                0x08003d9c       0xb8 NuttX/nuttx/arch/arm/src/libarch.a(stm32_otgdev.o)
                0x08003d9c                arm_usbuninitialize
 .text.arm_usbinitialize
                0x08003e54      0x270 NuttX/nuttx/arch/arm/src/libarch.a(stm32_otgdev.o)
                0x08003e54                arm_usbinitialize
 .text.up_mdelay
                0x080040c4       0x30 NuttX/nuttx/arch/arm/src/libarch.a(arm_mdelay.o)
                0x080040c4                up_mdelay
 .text.umm_initialize
                0x080040f4       0x1c NuttX/nuttx/mm/libmm.a(umm_initialize.o)
                0x080040f4                umm_initialize
 .text.free     0x08004110       0x10 NuttX/nuttx/mm/libmm.a(umm_free.o)
                0x08004110                free
 .text.malloc   0x08004120       0x10 NuttX/nuttx/mm/libmm.a(umm_malloc.o)
                0x08004120                malloc
 .text.zalloc   0x08004130       0x10 NuttX/nuttx/mm/libmm.a(umm_zalloc.o)
                0x08004130                zalloc
 .text.mm_addregion
                0x08004140       0x64 NuttX/nuttx/mm/libmm.a(mm_initialize.o)
                0x08004140                mm_addregion
 .text.mm_initialize
                0x080041a4       0x52 NuttX/nuttx/mm/libmm.a(mm_initialize.o)
                0x080041a4                mm_initialize
 .text.mm_seminitialize
                0x080041f6        0x8 NuttX/nuttx/mm/libmm.a(mm_sem.o)
                0x080041f6                mm_seminitialize
 *fill*         0x080041fe        0x2 ffecc2925d7d05c5
 .text.mm_takesemaphore
                0x08004200       0x48 NuttX/nuttx/mm/libmm.a(mm_sem.o)
                0x08004200                mm_takesemaphore
 .text.mm_givesemaphore
                0x08004248       0x10 NuttX/nuttx/mm/libmm.a(mm_sem.o)
                0x08004248                mm_givesemaphore
 .text.mm_addfreechunk
                0x08004258       0x36 NuttX/nuttx/mm/libmm.a(mm_addfreechunk.o)
                0x08004258                mm_addfreechunk
 .text.mm_size2ndx
                0x0800428e       0x1a NuttX/nuttx/mm/libmm.a(mm_size2ndx.o)
                0x0800428e                mm_size2ndx
 .text.mm_free  0x080042a8       0xb8 NuttX/nuttx/mm/libmm.a(mm_free.o)
                0x080042a8                mm_free
 .text.mm_malloc
                0x08004360       0xba NuttX/nuttx/mm/libmm.a(mm_malloc.o)
                0x08004360                mm_malloc
 .text.mm_zalloc
                0x0800441a       0x18 NuttX/nuttx/mm/libmm.a(mm_zalloc.o)
                0x0800441a                mm_zalloc
 *fill*         0x08004432        0x2 ffecc2925d7d05c5
 .text.__errno  0x08004434       0x14 NuttX/nuttx/libs/libc/libc.a(lib_errno.o)
                0x08004434                __errno
 .text.sq_addlast
                0x08004448       0x14 NuttX/nuttx/libs/libc/libc.a(sq_addlast.o)
                0x08004448                sq_addlast
 .text.sq_rem   0x0800445c       0x2c NuttX/nuttx/libs/libc/libc.a(sq_rem.o)
                0x0800445c                sq_rem
 .text.sq_remfirst
                0x08004488       0x14 NuttX/nuttx/libs/libc/libc.a(sq_remfirst.o)
                0x08004488                sq_remfirst
 .text.sq_remafter
                0x0800449c       0x20 NuttX/nuttx/libs/libc/libc.a(sq_remafter.o)
                0x0800449c                sq_remafter
 .text.dq_addlast
                0x080044bc       0x16 NuttX/nuttx/libs/libc/libc.a(dq_addlast.o)
                0x080044bc                dq_addlast
 .text.dq_addfirst
                0x080044d2       0x16 NuttX/nuttx/libs/libc/libc.a(dq_addfirst.o)
                0x080044d2                dq_addfirst
 .text.dq_rem   0x080044e8       0x1c NuttX/nuttx/libs/libc/libc.a(dq_rem.o)
                0x080044e8                dq_rem
 .text.nxtask_startup
                0x08004504       0x16 NuttX/nuttx/libs/libc/libc.a(task_startup.o)
                0x08004504                nxtask_startup
 .text.nxsem_init
                0x0800451a       0x16 NuttX/nuttx/libs/libc/libc.a(sem_init.o)
                0x0800451a                nxsem_init
 .text.sem_init
                0x08004530       0x20 NuttX/nuttx/libs/libc/libc.a(sem_init.o)
                0x08004530                sem_init
 .text.nxsem_get_value
                0x08004550       0x14 NuttX/nuttx/libs/libc/libc.a(sem_getvalue.o)
                0x08004550                nxsem_get_value
 .text.sem_getvalue
                0x08004564       0x1a NuttX/nuttx/libs/libc/libc.a(sem_getvalue.o)
                0x08004564                sem_getvalue
 .text.nxsig_addset
                0x0800457e       0x18 NuttX/nuttx/libs/libc/libc.a(sig_addset.o)
                0x0800457e                nxsig_addset
 .text.nxsig_delset
                0x08004596       0x18 NuttX/nuttx/libs/libc/libc.a(sig_delset.o)
                0x08004596                nxsig_delset
 .text.sigemptyset
                0x080045ae        0x8 NuttX/nuttx/libs/libc/libc.a(sig_emptyset.o)
                0x080045ae                sigemptyset
 .text.nxsig_ismember
                0x080045b6       0x12 NuttX/nuttx/libs/libc/libc.a(sig_ismember.o)
                0x080045b6                nxsig_ismember
 .text.printf   0x080045c8       0x24 NuttX/nuttx/libs/libc/libc.a(lib_printf.o)
                0x080045c8                printf
 .text.lib_flushall
                0x080045ec       0x5a NuttX/nuttx/libs/libc/libc.a(lib_libflushall.o)
                0x080045ec                lib_flushall
 .text.lib_fflush
                0x08004646       0x90 NuttX/nuttx/libs/libc/libc.a(lib_libfflush.o)
                0x08004646                lib_fflush
 .text.vfprintf
                0x080046d6       0x30 NuttX/nuttx/libs/libc/libc.a(lib_vfprintf.o)
                0x080046d6                vfprintf
 .text.nxrmutex_destroy.isra.0
                0x08004706       0x14 NuttX/nuttx/libs/libc/libc.a(lib_libstream.o)
 .text.lib_stream_initialize
                0x0800471a       0x3e NuttX/nuttx/libs/libc/libc.a(lib_libstream.o)
                0x0800471a                lib_stream_initialize
 .text.lib_stream_release
                0x08004758       0x48 NuttX/nuttx/libs/libc/libc.a(lib_libstream.o)
                0x08004758                lib_stream_release
 .text.lib_stream_semtake
                0x080047a0       0x10 NuttX/nuttx/libs/libc/libc.a(lib_libstream.o)
                0x080047a0                lib_stream_semtake
 .text.lib_stream_semgive
                0x080047b0        0x4 NuttX/nuttx/libs/libc/libc.a(lib_libstream.o)
                0x080047b0                lib_stream_semgive
 .text.lib_sem_initialize
                0x080047b4       0x22 NuttX/nuttx/libs/libc/libc.a(lib_libfilesem.o)
                0x080047b4                lib_sem_initialize
 .text.lib_take_semaphore
                0x080047d6       0x40 NuttX/nuttx/libs/libc/libc.a(lib_libfilesem.o)
                0x080047d6                lib_take_semaphore
 .text.lib_give_semaphore
                0x08004816       0x32 NuttX/nuttx/libs/libc/libc.a(lib_libfilesem.o)
                0x08004816                lib_give_semaphore
 .text.stdoutstream_flush
                0x08004848        0x8 NuttX/nuttx/libs/libc/libc.a(lib_stdoutstream.o)
 .text.stdoutstream_putc
                0x08004850       0x26 NuttX/nuttx/libs/libc/libc.a(lib_stdoutstream.o)
 *fill*         0x08004876        0x2 ffecc2925d7d05c5
 .text.lib_stdoutstream
                0x08004878       0x34 NuttX/nuttx/libs/libc/libc.a(lib_stdoutstream.o)
                0x08004878                lib_stdoutstream
 .text.strcpy   0x080048ac       0x10 NuttX/nuttx/libs/libc/libc.a(lib_strcpy.o)
                0x080048ac                strcpy
 .text.strlcpy  0x080048bc       0x28 NuttX/nuttx/libs/libc/libc.a(lib_strlcpy.o)
                0x080048bc                strlcpy
 .text.strlen   0x080048e4       0x10 NuttX/nuttx/libs/libc/libc.a(lib_strlen.o)
                0x080048e4                strlen
 .text.strncpy  0x080048f4       0x24 NuttX/nuttx/libs/libc/libc.a(lib_strncpy.o)
                0x080048f4                strncpy
 .text.cfsetspeed
                0x08004918       0x38 NuttX/nuttx/libs/libc/libc.a(lib_cfspeed.o)
                0x08004918                cfsetspeed
 .text.cfgetspeed
                0x08004950        0x4 NuttX/nuttx/libs/libc/libc.a(lib_cfspeed.o)
                0x08004950                cfgetspeed
 .text.tls_get_info
                0x08004954       0x18 NuttX/nuttx/libs/libc/libc.a(tls_getinfo.o)
                0x08004954                tls_get_info
 .text.lib_cxx_initialize
                0x0800496c       0x44 NuttX/nuttx/libs/libc/libc.a(lib_cxx_initialize.o)
                0x0800496c                lib_cxx_initialize
 .text.lib_vsprintf
                0x080049b0       0x14 NuttX/nuttx/libs/libc/libc.a(lib_libvsprintf.o)
                0x080049b0                lib_vsprintf
 .text.vsprintf_internal.constprop.0
                0x080049c4      0x820 NuttX/nuttx/libs/libc/libc.a(lib_libvsprintf.o)
 .text.__ultoa_invert
                0x080051e4       0x5a NuttX/nuttx/libs/libc/libc.a(lib_ultoa_invert.o)
                0x080051e4                __ultoa_invert
 *fill*         0x0800523e        0x2 ffecc2925d7d05c5
 .text.__dtoa_engine
                0x08005240      0x184 NuttX/nuttx/libs/libc/libc.a(lib_dtoa_engine.o)
                0x08005240                __dtoa_engine
 .text.fputc    0x080053c4       0x3c NuttX/nuttx/libs/libc/libc.a(lib_fputc.o)
                0x080053c4                fputc
 .text.lib_noflush
                0x08005400        0x4 NuttX/nuttx/libs/libc/libc.a(lib_libnoflush.o)
                0x08005400                lib_noflush
 .text.strnlen  0x08005404       0x18 NuttX/nuttx/libs/libc/libc.a(lib_strnlen.o)
                0x08005404                strnlen
 .text.lib_fwrite
                0x0800541c       0xea NuttX/nuttx/libs/libc/libc.a(lib_libfwrite.o)
                0x0800541c                lib_fwrite
 .text.lib_rdflush
                0x08005506       0x56 NuttX/nuttx/libs/libc/libc.a(lib_rdflush.o)
                0x08005506                lib_rdflush
 .text.fseek    0x0800555c        0x4 NuttX/nuttx/libs/libc/libc.a(lib_fseek.o)
                0x0800555c                fseek
 .text.fseeko   0x08005560       0x3c NuttX/nuttx/libs/libc/libc.a(lib_fseeko.o)
                0x08005560                fseeko
 .text.lib_wrflush
                0x0800559c       0x16 NuttX/nuttx/libs/libc/libc.a(lib_wrflush.o)
                0x0800559c                lib_wrflush
 .text.cinit    0x080055b2       0x12 platforms/nuttx/src/bootloader/common/libbootloader.a(bl.c.obj)
                0x080055b2                cinit
 .text.cfini    0x080055c4        0xe platforms/nuttx/src/bootloader/common/libbootloader.a(bl.c.obj)
                0x080055c4                cfini
 *fill*         0x080055d2        0x2 ffecc2925d7d05c5
 .text.cin      0x080055d4       0x48 platforms/nuttx/src/bootloader/common/libbootloader.a(bl.c.obj)
                0x080055d4                cin
 .text.cin_wait
                0x0800561c       0x2c platforms/nuttx/src/bootloader/common/libbootloader.a(bl.c.obj)
 .text.wait_for_eoc
                0x08005648       0x10 platforms/nuttx/src/bootloader/common/libbootloader.a(bl.c.obj)
 .text.cin_word.constprop.0
                0x08005658       0x26 platforms/nuttx/src/bootloader/common/libbootloader.a(bl.c.obj)
 *fill*         0x0800567e        0x2 ffecc2925d7d05c5
 .text.cout     0x08005680       0x2c platforms/nuttx/src/bootloader/common/libbootloader.a(bl.c.obj)
                0x08005680                cout
 .text.jump_to_app
                0x080056ac       0x54 platforms/nuttx/src/bootloader/common/libbootloader.a(bl.c.obj)
                0x080056ac                jump_to_app
 .text.sys_tick_handler
                0x08005700       0x3c platforms/nuttx/src/bootloader/common/libbootloader.a(bl.c.obj)
                0x08005700                sys_tick_handler
 .text.delay    0x0800573c       0x10 platforms/nuttx/src/bootloader/common/libbootloader.a(bl.c.obj)
                0x0800573c                delay
 .text.bootloader
                0x0800574c      0x530 platforms/nuttx/src/bootloader/common/libbootloader.a(bl.c.obj)
                0x0800574c                bootloader
 .text.usb_cinit
                0x08005c7c       0x54 platforms/nuttx/src/bootloader/common/lib/libbootloader_lib.a(cdcacm.c.obj)
                0x08005c7c                usb_cinit
 .text.usb_cfini
                0x08005cd0       0x18 platforms/nuttx/src/bootloader/common/lib/libbootloader_lib.a(cdcacm.c.obj)
                0x08005cd0                usb_cfini
 .text.usb_cin  0x08005ce8       0x4c platforms/nuttx/src/bootloader/common/lib/libbootloader_lib.a(cdcacm.c.obj)
                0x08005ce8                usb_cin
 .text.usb_cout
                0x08005d34       0x10 platforms/nuttx/src/bootloader/common/lib/libbootloader_lib.a(cdcacm.c.obj)
                0x08005d34                usb_cout
 .text.uart_cinit
                0x08005d44       0x8c platforms/nuttx/src/bootloader/common/lib/libbootloader_lib.a(uart.c.obj)
                0x08005d44                uart_cinit
 .text.uart_cfini
                0x08005dd0       0x18 platforms/nuttx/src/bootloader/common/lib/libbootloader_lib.a(uart.c.obj)
                0x08005dd0                uart_cfini
 .text.uart_cin
                0x08005de8       0x2c platforms/nuttx/src/bootloader/common/lib/libbootloader_lib.a(uart.c.obj)
                0x08005de8                uart_cin
 .text.uart_cout
                0x08005e14       0x34 platforms/nuttx/src/bootloader/common/lib/libbootloader_lib.a(uart.c.obj)
                0x08005e14                uart_cout
 .text.boardctl
                0x08005e48       0x74 NuttX/nuttx/boards/libboards.a(boardctl.o)
                0x08005e48                boardctl
 .text.drivers_initialize
                0x08005ebc        0xe NuttX/nuttx/drivers/libdrivers.a(drivers_initialize.o)
                0x08005ebc                drivers_initialize
 .text.devnull_read
                0x08005eca        0x4 NuttX/nuttx/drivers/libdrivers.a(dev_null.o)
 .text.devnull_write
                0x08005ece        0x4 NuttX/nuttx/drivers/libdrivers.a(dev_null.o)
 .text.devnull_poll
                0x08005ed2       0x1c NuttX/nuttx/drivers/libdrivers.a(dev_null.o)
 *fill*         0x08005eee        0x2 ffecc2925d7d05c5
 .text.devnull_register
                0x08005ef0       0x18 NuttX/nuttx/drivers/libdrivers.a(dev_null.o)
                0x08005ef0                devnull_register
 .text.uart_putc
                0x08005f08       0x20 NuttX/nuttx/drivers/libdrivers.a(serial.o)
 .text.uart_putxmitchar
                0x08005f28       0xb0 NuttX/nuttx/drivers/libdrivers.a(serial.o)
 .text.uart_read
                0x08005fd8      0x15e NuttX/nuttx/drivers/libdrivers.a(serial.o)
 .text.uart_open
                0x08006136       0x96 NuttX/nuttx/drivers/libdrivers.a(serial.o)
 .text.uart_pollnotify
                0x080061cc       0x3e NuttX/nuttx/drivers/libdrivers.a(serial.o)
 .text.uart_poll
                0x0800620a       0xca NuttX/nuttx/drivers/libdrivers.a(serial.o)
 .text.uart_write
                0x080062d4      0x12c NuttX/nuttx/drivers/libdrivers.a(serial.o)
 .text.uart_tcdrain.isra.0
                0x08006400       0xc0 NuttX/nuttx/drivers/libdrivers.a(serial.o)
 .text.uart_register
                0x080064c0       0x90 NuttX/nuttx/drivers/libdrivers.a(serial.o)
                0x080064c0                uart_register
 .text.uart_datareceived
                0x08006550       0x20 NuttX/nuttx/drivers/libdrivers.a(serial.o)
                0x08006550                uart_datareceived
 .text.uart_datasent
                0x08006570       0x20 NuttX/nuttx/drivers/libdrivers.a(serial.o)
                0x08006570                uart_datasent
 .text.uart_ioctl
                0x08006590      0x1d2 NuttX/nuttx/drivers/libdrivers.a(serial.o)
 .text.uart_connected
                0x08006762       0x50 NuttX/nuttx/drivers/libdrivers.a(serial.o)
                0x08006762                uart_connected
 .text.uart_reset_sem
                0x080067b2       0x38 NuttX/nuttx/drivers/libdrivers.a(serial.o)
                0x080067b2                uart_reset_sem
 .text.uart_close
                0x080067ea       0x80 NuttX/nuttx/drivers/libdrivers.a(serial.o)
 .text.uart_check_special
                0x0800686a       0x32 NuttX/nuttx/drivers/libdrivers.a(serial.o)
                0x0800686a                uart_check_special
 .text.uart_xmitchars
                0x0800689c       0x6c NuttX/nuttx/drivers/libdrivers.a(serial_io.o)
                0x0800689c                uart_xmitchars
 .text.uart_recvchars
                0x08006908       0xa8 NuttX/nuttx/drivers/libdrivers.a(serial_io.o)
                0x08006908                uart_recvchars
 .text.syslog_flush
                0x080069b0       0x18 NuttX/nuttx/drivers/libdrivers.a(syslog_flush.o)
                0x080069b0                syslog_flush
 .text.syslog_initialize
                0x080069c8        0x4 NuttX/nuttx/drivers/libdrivers.a(syslog_initialize.o)
                0x080069c8                syslog_initialize
 .text.cdcacm_ep0incomplete
                0x080069cc        0x2 NuttX/nuttx/drivers/libdrivers.a(cdcacm.o)
 .text.cdcuart_setup
                0x080069ce       0x12 NuttX/nuttx/drivers/libdrivers.a(cdcacm.o)
 .text.cdcuart_shutdown
                0x080069e0        0x2 NuttX/nuttx/drivers/libdrivers.a(cdcacm.o)
 .text.cdcuart_attach
                0x080069e2        0x4 NuttX/nuttx/drivers/libdrivers.a(cdcacm.o)
 .text.cdcuart_txempty
                0x080069e6       0x10 NuttX/nuttx/drivers/libdrivers.a(cdcacm.o)
 .text.cdcacm_allocreq
                0x080069f6       0x2c NuttX/nuttx/drivers/libdrivers.a(cdcacm.o)
 .text.cdcacm_resume
                0x08006a22       0x10 NuttX/nuttx/drivers/libdrivers.a(cdcacm.o)
 .text.cdcacm_suspend
                0x08006a32        0x8 NuttX/nuttx/drivers/libdrivers.a(cdcacm.o)
 .text.cdcacm_serialstate
                0x08006a3a       0x7e NuttX/nuttx/drivers/libdrivers.a(cdcacm.o)
 .text.cdcacm_freereq
                0x08006ab8       0x22 NuttX/nuttx/drivers/libdrivers.a(cdcacm.o)
 .text.cdcacm_resetconfig
                0x08006ada       0x32 NuttX/nuttx/drivers/libdrivers.a(cdcacm.o)
 .text.cdcacm_disconnect
                0x08006b0c       0x48 NuttX/nuttx/drivers/libdrivers.a(cdcacm.o)
 .text.cdcacm_unbind
                0x08006b54       0xc2 NuttX/nuttx/drivers/libdrivers.a(cdcacm.o)
 *fill*         0x08006c16        0x2 ffecc2925d7d05c5
 .text.cdcacm_bind
                0x08006c18      0x124 NuttX/nuttx/drivers/libdrivers.a(cdcacm.o)
 .text.cdcacm_epconfigure.constprop.0
                0x08006d3c       0x22 NuttX/nuttx/drivers/libdrivers.a(cdcacm.o)
 *fill*         0x08006d5e        0x2 ffecc2925d7d05c5
 .text.cdcacm_setconfig
                0x08006d60       0xb0 NuttX/nuttx/drivers/libdrivers.a(cdcacm.o)
 .text.cdcacm_setup
                0x08006e10      0x1d0 NuttX/nuttx/drivers/libdrivers.a(cdcacm.o)
 .text.cdcacm_requeue_rdrequest.isra.0
                0x08006fe0       0x12 NuttX/nuttx/drivers/libdrivers.a(cdcacm.o)
 *fill*         0x08006ff2        0x2 ffecc2925d7d05c5
 .text.cdcacm_release_rxpending.isra.0
                0x08006ff4       0xf0 NuttX/nuttx/drivers/libdrivers.a(cdcacm.o)
 .text.cdcuart_ioctl
                0x080070e4      0x22e NuttX/nuttx/drivers/libdrivers.a(cdcacm.o)
 .text.cdcuart_rxint
                0x08007312       0x3a NuttX/nuttx/drivers/libdrivers.a(cdcacm.o)
 .text.cdcuart_rxflowcontrol
                0x0800734c       0x6c NuttX/nuttx/drivers/libdrivers.a(cdcacm.o)
 .text.cdcacm_rxtimeout
                0x080073b8        0x4 NuttX/nuttx/drivers/libdrivers.a(cdcacm.o)
 .text.cdcacm_rdcomplete
                0x080073bc       0x56 NuttX/nuttx/drivers/libdrivers.a(cdcacm.o)
 .text.cdcacm_sndpacket.isra.0
                0x08007412       0xfe NuttX/nuttx/drivers/libdrivers.a(cdcacm.o)
 .text.cdcuart_txint
                0x08007510       0x16 NuttX/nuttx/drivers/libdrivers.a(cdcacm.o)
 .text.cdcacm_wrcomplete
                0x08007526       0x48 NuttX/nuttx/drivers/libdrivers.a(cdcacm.o)
 .text.cdcuart_detach
                0x0800756e        0x2 NuttX/nuttx/drivers/libdrivers.a(cdcacm.o)
 .text.cdcacm_initialize
                0x08007570       0xfc NuttX/nuttx/drivers/libdrivers.a(cdcacm.o)
                0x08007570                cdcacm_initialize
 .text.cdcacm_uninitialize
                0x0800766c       0x38 NuttX/nuttx/drivers/libdrivers.a(cdcacm.o)
                0x0800766c                cdcacm_uninitialize
 .text.cdcacm_mkstrdesc
                0x080076a4       0x78 NuttX/nuttx/drivers/libdrivers.a(cdcacm_desc.o)
                0x080076a4                cdcacm_mkstrdesc
 .text.cdcacm_getdevdesc
                0x0800771c        0x8 NuttX/nuttx/drivers/libdrivers.a(cdcacm_desc.o)
                0x0800771c                cdcacm_getdevdesc
 .text.cdcacm_copy_epdesc
                0x08007724       0x6a NuttX/nuttx/drivers/libdrivers.a(cdcacm_desc.o)
                0x08007724                cdcacm_copy_epdesc
 .text.cdcacm_mkcfgdesc
                0x0800778e      0x122 NuttX/nuttx/drivers/libdrivers.a(cdcacm_desc.o)
                0x0800778e                cdcacm_mkcfgdesc
 .text.syslog_default_write
                0x080078b0       0x10 NuttX/nuttx/drivers/libdrivers.a(syslog_channel.o)
 .text.syslog_default_putc
                0x080078c0        0x6 NuttX/nuttx/drivers/libdrivers.a(syslog_channel.o)
 .text.fs_initialize
                0x080078c6        0x4 NuttX/nuttx/fs/libfs.a(fs_initialize.o)
                0x080078c6                fs_initialize
 .text.files_extend
                0x080078ca       0x5e NuttX/nuttx/fs/libfs.a(fs_files.o)
 .text.files_initlist
                0x08007928        0x8 NuttX/nuttx/fs/libfs.a(fs_files.o)
                0x08007928                files_initlist
 .text.files_releaselist
                0x08007930       0x3a NuttX/nuttx/fs/libfs.a(fs_files.o)
                0x08007930                files_releaselist
 .text.files_allocate
                0x0800796a       0xfa NuttX/nuttx/fs/libfs.a(fs_files.o)
                0x0800796a                files_allocate
 .text.fs_getfilep
                0x08007a64       0x5c NuttX/nuttx/fs/libfs.a(fs_files.o)
                0x08007a64                fs_getfilep
 .text.nx_close
                0x08007ac0       0x74 NuttX/nuttx/fs/libfs.a(fs_files.o)
                0x08007ac0                nx_close
 .text.close    0x08007b34       0x1a NuttX/nuttx/fs/libfs.a(fs_files.o)
                0x08007b34                close
 .text.inode_initialize
                0x08007b4e        0x4 NuttX/nuttx/fs/libfs.a(fs_inode.o)
                0x08007b4e                inode_initialize
 *fill*         0x08007b52        0x2 ffecc2925d7d05c5
 .text.inode_semtake
                0x08007b54       0x44 NuttX/nuttx/fs/libfs.a(fs_inode.o)
                0x08007b54                inode_semtake
 .text.inode_semgive
                0x08007b98       0x34 NuttX/nuttx/fs/libfs.a(fs_inode.o)
                0x08007b98                inode_semgive
 .text.inode_alloc.isra.0
                0x08007bcc       0x3c NuttX/nuttx/fs/libfs.a(fs_inodereserve.o)
 .text.inode_root_reserve
                0x08007c08       0x18 NuttX/nuttx/fs/libfs.a(fs_inodereserve.o)
                0x08007c08                inode_root_reserve
 .text.inode_reserve
                0x08007c20       0xa4 NuttX/nuttx/fs/libfs.a(fs_inodereserve.o)
                0x08007c20                inode_reserve
 .text.inode_nextname
                0x08007cc4       0x18 NuttX/nuttx/fs/libfs.a(fs_inodesearch.o)
                0x08007cc4                inode_nextname
 .text.inode_search
                0x08007cdc       0xc4 NuttX/nuttx/fs/libfs.a(fs_inodesearch.o)
                0x08007cdc                inode_search
 .text.file_close
                0x08007da0       0x2c NuttX/nuttx/fs/libfs.a(fs_close.o)
                0x08007da0                file_close
 .text.file_seek
                0x08007dcc       0x40 NuttX/nuttx/fs/libfs.a(fs_lseek.o)
                0x08007dcc                file_seek
 .text.nx_seek  0x08007e0c       0x1e NuttX/nuttx/fs/libfs.a(fs_lseek.o)
                0x08007e0c                nx_seek
 .text.lseek    0x08007e2a       0x1a NuttX/nuttx/fs/libfs.a(fs_lseek.o)
                0x08007e2a                lseek
 .text.inode_checkflags
                0x08007e44       0x36 NuttX/nuttx/fs/libfs.a(fs_open.o)
                0x08007e44                inode_checkflags
 .text.file_vopen
                0x08007e7a       0xce NuttX/nuttx/fs/libfs.a(fs_open.o)
 .text.nx_vopen
                0x08007f48       0x40 NuttX/nuttx/fs/libfs.a(fs_open.o)
 .text.open     0x08007f88       0x2c NuttX/nuttx/fs/libfs.a(fs_open.o)
                0x08007f88                open
 .text.file_read
                0x08007fb4       0x2a NuttX/nuttx/fs/libfs.a(fs_read.o)
                0x08007fb4                file_read
 .text.nx_read  0x08007fde       0x1e NuttX/nuttx/fs/libfs.a(fs_read.o)
                0x08007fde                nx_read
 .text.read     0x08007ffc       0x1a NuttX/nuttx/fs/libfs.a(fs_read.o)
                0x08007ffc                read
 .text.file_write
                0x08008016       0x2a NuttX/nuttx/fs/libfs.a(fs_write.o)
                0x08008016                file_write
 .text.nx_write
                0x08008040       0x26 NuttX/nuttx/fs/libfs.a(fs_write.o)
                0x08008040                nx_write
 .text.write    0x08008066       0x1a NuttX/nuttx/fs/libfs.a(fs_write.o)
                0x08008066                write
 .text.dir_ioctl
                0x08008080       0x1c NuttX/nuttx/fs/libfs.a(fs_dir.o)
 .text.dir_read
                0x0800809c       0xbe NuttX/nuttx/fs/libfs.a(fs_dir.o)
 .text.dir_close
                0x0800815a       0x44 NuttX/nuttx/fs/libfs.a(fs_dir.o)
 .text.dir_seek
                0x0800819e       0xae NuttX/nuttx/fs/libfs.a(fs_dir.o)
 .text.dir_allocate
                0x0800824c       0x70 NuttX/nuttx/fs/libfs.a(fs_dir.o)
                0x0800824c                dir_allocate
 .text.dir_open
                0x080082bc        0x8 NuttX/nuttx/fs/libfs.a(fs_dir.o)
 .text.fs_fdopen
                0x080082c4       0xd0 NuttX/nuttx/fs/libfs.a(fs_fdopen.o)
                0x080082c4                fs_fdopen
 .text.register_driver
                0x08008394       0x42 NuttX/nuttx/fs/libfs.a(fs_registerdriver.o)
                0x08008394                register_driver
 .text.unregister_driver
                0x080083d6       0x1c NuttX/nuttx/fs/libfs.a(fs_unregisterdriver.o)
                0x080083d6                unregister_driver
 .text.inode_addref
                0x080083f2       0x20 NuttX/nuttx/fs/libfs.a(fs_inodeaddref.o)
                0x080083f2                inode_addref
 .text.inode_find
                0x08008412       0x26 NuttX/nuttx/fs/libfs.a(fs_inodefind.o)
                0x08008412                inode_find
 .text.inode_release
                0x08008438       0x3c NuttX/nuttx/fs/libfs.a(fs_inoderelease.o)
                0x08008438                inode_release
 .text.inode_unlink
                0x08008474       0x4a NuttX/nuttx/fs/libfs.a(fs_inoderemove.o)
                0x08008474                inode_unlink
 .text.inode_remove
                0x080084be       0x2a NuttX/nuttx/fs/libfs.a(fs_inoderemove.o)
                0x080084be                inode_remove
 .text.inode_free
                0x080084e8       0x1e NuttX/nuttx/fs/libfs.a(fs_inodefree.o)
                0x080084e8                inode_free
 .text.clock_initialize
                0x08008506        0x4 NuttX/nuttx/sched/libsched.a(clock_initialize.o)
                0x08008506                clock_initialize
 *fill*         0x0800850a        0x2 ffecc2925d7d05c5
 .text.clock_timer
                0x0800850c       0x10 NuttX/nuttx/sched/libsched.a(clock_initialize.o)
                0x0800850c                clock_timer
 .text.nxsched_get_files
                0x0800851c       0x10 NuttX/nuttx/sched/libsched.a(sched_getfiles.o)
                0x0800851c                nxsched_get_files
 .text.nxsched_add_readytorun
                0x0800852c       0x48 NuttX/nuttx/sched/libsched.a(sched_addreadytorun.o)
                0x0800852c                nxsched_add_readytorun
 .text.nxsched_remove_readytorun
                0x08008574       0x28 NuttX/nuttx/sched/libsched.a(sched_removereadytorun.o)
                0x08008574                nxsched_remove_readytorun
 .text.nxsched_merge_pending
                0x0800859c       0x58 NuttX/nuttx/sched/libsched.a(sched_mergepending.o)
                0x0800859c                nxsched_merge_pending
 .text.nxsched_get_streams
                0x080085f4       0x10 NuttX/nuttx/sched/libsched.a(sched_getstreams.o)
                0x080085f4                nxsched_get_streams
 .text.sched_idletask
                0x08008604       0x18 NuttX/nuttx/sched/libsched.a(sched_idletask.o)
                0x08008604                sched_idletask
 .text.nxsched_self
                0x0800861c        0xc NuttX/nuttx/sched/libsched.a(sched_self.o)
                0x0800861c                nxsched_self
 .text.nxsched_get_stackinfo
                0x08008628       0x44 NuttX/nuttx/sched/libsched.a(sched_get_stackinfo.o)
                0x08008628                nxsched_get_stackinfo
 .text.nxsem_wait
                0x0800866c       0x64 NuttX/nuttx/sched/libsched.a(sem_wait.o)
                0x0800866c                nxsem_wait
 .text.nxsem_wait_uninterruptible
                0x080086d0       0x10 NuttX/nuttx/sched/libsched.a(sem_wait.o)
                0x080086d0                nxsem_wait_uninterruptible
 .text.sem_wait
                0x080086e0       0x1c NuttX/nuttx/sched/libsched.a(sem_wait.o)
                0x080086e0                sem_wait
 .text.nxsem_post
                0x080086fc       0x7c NuttX/nuttx/sched/libsched.a(sem_post.o)
                0x080086fc                nxsem_post
 .text.sem_post
                0x08008778       0x1a NuttX/nuttx/sched/libsched.a(sem_post.o)
                0x08008778                sem_post
 .text.nxsem_reset
                0x08008792       0x4e NuttX/nuttx/sched/libsched.a(sem_reset.o)
                0x08008792                nxsem_reset
 .text.nxsig_kill
                0x080087e0       0x42 NuttX/nuttx/sched/libsched.a(sig_kill.o)
                0x080087e0                nxsig_kill
 *fill*         0x08008822        0x2 ffecc2925d7d05c5
 .text.nxsig_usleep
                0x08008824       0x2c NuttX/nuttx/sched/libsched.a(sig_usleep.o)
                0x08008824                nxsig_usleep
 .text.nxtask_exit
                0x08008850       0x48 NuttX/nuttx/sched/libsched.a(task_exit.o)
                0x08008850                nxtask_exit
 .text.getpid   0x08008898       0x1c NuttX/nuttx/sched/libsched.a(task_getpid.o)
                0x08008898                getpid
 .text.nxtask_terminate
                0x080088b4       0x5c NuttX/nuttx/sched/libsched.a(task_terminate.o)
                0x080088b4                nxtask_terminate
 .text.gettid   0x08008910       0x1c NuttX/nuttx/sched/libsched.a(task_gettid.o)
                0x08008910                gettid
 .text.wd_start
                0x0800892c       0xb8 NuttX/nuttx/sched/libsched.a(wd_start.o)
                0x0800892c                wd_start
 .text.wd_timer
                0x080089e4       0x3c NuttX/nuttx/sched/libsched.a(wd_start.o)
                0x080089e4                wd_timer
 .text.nxsig_nanosleep
                0x08008a20       0x94 NuttX/nuttx/sched/libsched.a(sig_nanosleep.o)
                0x08008a20                nxsig_nanosleep
 .text.nxsig_timeout
                0x08008ab4       0x1e NuttX/nuttx/sched/libsched.a(sig_timedwait.o)
 *fill*         0x08008ad2        0x2 ffecc2925d7d05c5
 .text.nxsig_timedwait
                0x08008ad4       0xfc NuttX/nuttx/sched/libsched.a(sig_timedwait.o)
                0x08008ad4                nxsig_timedwait
 .text.stm32_timerisr
                0x08008bd0        0xa NuttX/nuttx/arch/arm/src/libarch.a(stm32_timerisr.o)
 *fill*         0x08008bda        0x2 ffecc2925d7d05c5
 .text.up_timer_initialize
                0x08008bdc       0x2c NuttX/nuttx/arch/arm/src/libarch.a(stm32_timerisr.o)
                0x08008bdc                up_timer_initialize
 .text.up_nputs
                0x08008c08       0x18 NuttX/nuttx/arch/arm/src/libarch.a(arm_nputs.o)
                0x08008c08                up_nputs
 .text.realloc  0x08008c20       0x10 NuttX/nuttx/mm/libmm.a(umm_realloc.o)
                0x08008c20                realloc
 .text.mm_realloc
                0x08008c30      0x1a4 NuttX/nuttx/mm/libmm.a(mm_realloc.o)
                0x08008c30                mm_realloc
 .text.mm_shrinkchunk
                0x08008dd4       0x64 NuttX/nuttx/mm/libmm.a(mm_shrinkchunk.o)
                0x08008dd4                mm_shrinkchunk
 .text.getumask
                0x08008e38        0xa NuttX/nuttx/libs/libc/libc.a(lib_umask.o)
                0x08008e38                getumask
 .text.sq_addfirst
                0x08008e42        0xc NuttX/nuttx/libs/libc/libc.a(sq_addfirst.o)
                0x08008e42                sq_addfirst
 .text.sq_addafter
                0x08008e4e       0x1c NuttX/nuttx/libs/libc/libc.a(sq_addafter.o)
                0x08008e4e                sq_addafter
 *fill*         0x08008e6a        0x2 ffecc2925d7d05c5
 .text.clock_ticks2time
                0x08008e6c       0x1c NuttX/nuttx/libs/libc/libc.a(clock_ticks2time.o)
                0x08008e6c                clock_ticks2time
 .text.clock_time2ticks
                0x08008e88       0x38 NuttX/nuttx/libs/libc/libc.a(clock_time2ticks.o)
                0x08008e88                clock_time2ticks
 .text.nxsem_set_protocol
                0x08008ec0       0x14 NuttX/nuttx/libs/libc/libc.a(sem_setprotocol.o)
                0x08008ec0                nxsem_set_protocol
 .text.asprintf
                0x08008ed4       0x1a NuttX/nuttx/libs/libc/libc.a(lib_asprintf.o)
                0x08008ed4                asprintf
 .text.snprintf
                0x08008eee       0x30 NuttX/nuttx/libs/libc/libc.a(lib_snprintf.o)
                0x08008eee                snprintf
 .text.vasprintf
                0x08008f1e       0x4a NuttX/nuttx/libs/libc/libc.a(lib_vasprintf.o)
                0x08008f1e                vasprintf
 .text.atol     0x08008f68        0x8 NuttX/nuttx/libs/libc/libc.a(lib_atol.o)
                0x08008f68                atol
 .text.strtol   0x08008f70       0x74 NuttX/nuttx/libs/libc/libc.a(lib_strtol.o)
                0x08008f70                strtol
 .text.strtoul  0x08008fe4       0xba NuttX/nuttx/libs/libc/libc.a(lib_strtoul.o)
                0x08008fe4                strtoul
 .text.lib_checkbase
                0x0800909e       0x5e NuttX/nuttx/libs/libc/libc.a(lib_checkbase.o)
                0x0800909e                lib_checkbase
 .text.memoutstream_puts
                0x080090fc       0x2e NuttX/nuttx/libs/libc/libc.a(lib_memoutstream.o)
 .text.memoutstream_putc
                0x0800912a       0x16 NuttX/nuttx/libs/libc/libc.a(lib_memoutstream.o)
 .text.lib_memoutstream
                0x08009140       0x28 NuttX/nuttx/libs/libc/libc.a(lib_memoutstream.o)
                0x08009140                lib_memoutstream
 .text.nulloutstream_putc
                0x08009168        0x8 NuttX/nuttx/libs/libc/libc.a(lib_nulloutstream.o)
 .text.lib_nulloutstream
                0x08009170       0x18 NuttX/nuttx/libs/libc/libc.a(lib_nulloutstream.o)
                0x08009170                lib_nulloutstream
 .text.lib_isbasedigit
                0x08009188       0x4c NuttX/nuttx/libs/libc/libc.a(lib_isbasedigit.o)
                0x08009188                lib_isbasedigit
 .text.lib_skipspace
                0x080091d4       0x18 NuttX/nuttx/libs/libc/libc.a(lib_skipspace.o)
                0x080091d4                lib_skipspace
 .text.strdup   0x080091ec       0x1c NuttX/nuttx/libs/libc/libc.a(lib_strdup.o)
                0x080091ec                strdup
 .text.strtok   0x08009208        0xc NuttX/nuttx/libs/libc/libc.a(lib_strtok.o)
                0x08009208                strtok
 .text.strtok_r
                0x08009214       0x50 NuttX/nuttx/libs/libc/libc.a(lib_strtokr.o)
                0x08009214                strtok_r
 .text.strchr   0x08009264       0x14 NuttX/nuttx/libs/libc/libc.a(lib_strchr.o)
                0x08009264                strchr
 .text.tcgetattr
                0x08009278        0xa NuttX/nuttx/libs/libc/libc.a(lib_tcgetattr.o)
                0x08009278                tcgetattr
 .text.tcsetattr
                0x08009282       0x2a NuttX/nuttx/libs/libc/libc.a(lib_tcsetattr.o)
                0x08009282                tcsetattr
 .text.task_get_info
                0x080092ac        0xa NuttX/nuttx/libs/libc/libc.a(task_getinfo.o)
                0x080092ac                task_get_info
 .text.isspace  0x080092b6       0x14 NuttX/nuttx/libs/libc/libc.a(lib_isspace.o)
                0x080092b6                isspace
 .text.tcflush  0x080092ca        0xa NuttX/nuttx/libs/libc/libc.a(lib_tcflush.o)
                0x080092ca                tcflush
 .text.tcdrain  0x080092d4        0xa NuttX/nuttx/libs/libc/libc.a(lib_tcdrain.o)
                0x080092d4                tcdrain
 .text.file_vioctl
                0x080092de       0xc2 NuttX/nuttx/fs/libfs.a(fs_ioctl.o)
                0x080092de                file_vioctl
 .text.ioctl    0x080093a0       0x3c NuttX/nuttx/fs/libfs.a(fs_ioctl.o)
                0x080093a0                ioctl
 .text.inode_getpath
                0x080093dc       0x48 NuttX/nuttx/fs/libfs.a(fs_inodegetpath.o)
                0x080093dc                inode_getpath
 .text.nxsched_process_timer
                0x08009424       0x1c NuttX/nuttx/sched/libsched.a(sched_processtimer.o)
                0x08009424                nxsched_process_timer
 .text.strcat   0x08009440       0x20 NuttX/nuttx/libs/libc/libc.a(lib_strcat.o)
                0x08009440                strcat
 .text          0x08009460       0xa0 /opt/homebrew/Cellar/arm-gcc-bin@13/13.2.rel1/bin/../lib/gcc/arm-none-eabi/13.2.1/thumb/v7e-m+dp/hard/libgcc.a(_aeabi_ldivmod.o)
                0x08009460                __aeabi_ldivmod
 .text          0x08009500       0x30 /opt/homebrew/Cellar/arm-gcc-bin@13/13.2.rel1/bin/../lib/gcc/arm-none-eabi/13.2.1/thumb/v7e-m+dp/hard/libgcc.a(_aeabi_uldivmod.o)
                0x08009500                __aeabi_uldivmod
 .text.__fixunsdfdi
                0x08009530       0x40 /opt/homebrew/Cellar/arm-gcc-bin@13/13.2.rel1/bin/../lib/gcc/arm-none-eabi/13.2.1/thumb/v7e-m+dp/hard/libgcc.a(_fixunsdfdi.o)
                0x08009530                __aeabi_d2ulz
                0x08009530                __fixunsdfdi
 .text.__udivmoddi4
                0x08009570      0x2bc /opt/homebrew/Cellar/arm-gcc-bin@13/13.2.rel1/bin/../lib/gcc/arm-none-eabi/13.2.1/thumb/v7e-m+dp/hard/libgcc.a(_udivmoddi4.o)
                0x08009570                __udivmoddi4
 .text          0x0800982c        0x4 /opt/homebrew/Cellar/arm-gcc-bin@13/13.2.rel1/bin/../lib/gcc/arm-none-eabi/13.2.1/thumb/v7e-m+dp/hard/libgcc.a(_dvmd_tls.o)
                0x0800982c                __aeabi_ldiv0
                0x0800982c                __aeabi_idiv0
 .text.board_get_devices
                0x08009830        0x4 platforms/nuttx/src/bootloader/stm/stm32h7/arch_bootloader/libarch_bootloader.a(main.c.obj)
                0x08009830                board_get_devices
 .text.board_deinit
                0x08009834       0x30 platforms/nuttx/src/bootloader/stm/stm32h7/arch_bootloader/libarch_bootloader.a(main.c.obj)
                0x08009834                board_deinit
 .text.arch_systic_init
                0x08009864       0x28 platforms/nuttx/src/bootloader/stm/stm32h7/arch_bootloader/libarch_bootloader.a(main.c.obj)
                0x08009864                arch_systic_init
 .text.arch_systic_deinit
                0x0800988c       0x1a platforms/nuttx/src/bootloader/stm/stm32h7/arch_bootloader/libarch_bootloader.a(main.c.obj)
                0x0800988c                arch_systic_deinit
 *fill*         0x080098a6        0x2 ffecc2925d7d05c5
 .text.clock_deinit
                0x080098a8       0x48 platforms/nuttx/src/bootloader/stm/stm32h7/arch_bootloader/libarch_bootloader.a(main.c.obj)
                0x080098a8                clock_deinit
 .text.arch_flash_lock
                0x080098f0       0x16 platforms/nuttx/src/bootloader/stm/stm32h7/arch_bootloader/libarch_bootloader.a(main.c.obj)
                0x080098f0                arch_flash_lock
 .text.arch_flash_unlock
                0x08009906       0x1a platforms/nuttx/src/bootloader/stm/stm32h7/arch_bootloader/libarch_bootloader.a(main.c.obj)
                0x08009906                arch_flash_unlock
 .text.arch_flash_write
                0x08009920        0x4 platforms/nuttx/src/bootloader/stm/stm32h7/arch_bootloader/libarch_bootloader.a(main.c.obj)
                0x08009920                arch_flash_write
 .text.arch_setvtor
                0x08009924        0xa platforms/nuttx/src/bootloader/stm/stm32h7/arch_bootloader/libarch_bootloader.a(main.c.obj)
                0x08009924                arch_setvtor
 .text.flash_func_sector_size
                0x0800992e        0xc platforms/nuttx/src/bootloader/stm/stm32h7/arch_bootloader/libarch_bootloader.a(main.c.obj)
                0x0800992e                flash_func_sector_size
 .text.flash_func_erase_sector
                0x0800993a       0x20 platforms/nuttx/src/bootloader/stm/stm32h7/arch_bootloader/libarch_bootloader.a(main.c.obj)
                0x0800993a                flash_func_erase_sector
 .text.flash_func_write_word
                0x0800995a        0xc platforms/nuttx/src/bootloader/stm/stm32h7/arch_bootloader/libarch_bootloader.a(main.c.obj)
                0x0800995a                flash_func_write_word
 .text.flash_func_read_word
                0x08009966       0x14 platforms/nuttx/src/bootloader/stm/stm32h7/arch_bootloader/libarch_bootloader.a(main.c.obj)
                0x08009966                flash_func_read_word
 .text.flash_func_read_otp
                0x0800997a        0x4 platforms/nuttx/src/bootloader/stm/stm32h7/arch_bootloader/libarch_bootloader.a(main.c.obj)
                0x0800997a                flash_func_read_otp
 *fill*         0x0800997e        0x2 ffecc2925d7d05c5
 .text.get_mcu_id
                0x08009980        0xc platforms/nuttx/src/bootloader/stm/stm32h7/arch_bootloader/libarch_bootloader.a(main.c.obj)
                0x08009980                get_mcu_id
 .text.get_mcu_desc
                0x0800998c       0x94 platforms/nuttx/src/bootloader/stm/stm32h7/arch_bootloader/libarch_bootloader.a(main.c.obj)
                0x0800998c                get_mcu_desc
 .text.flash_func_read_sn
                0x08009a20        0xe platforms/nuttx/src/bootloader/stm/stm32h7/arch_bootloader/libarch_bootloader.a(main.c.obj)
                0x08009a20                flash_func_read_sn
 *fill*         0x08009a2e        0x2 ffecc2925d7d05c5
 .text.led_on   0x08009a30       0x20 platforms/nuttx/src/bootloader/stm/stm32h7/arch_bootloader/libarch_bootloader.a(main.c.obj)
                0x08009a30                led_on
 .text.led_off  0x08009a50       0x20 platforms/nuttx/src/bootloader/stm/stm32h7/arch_bootloader/libarch_bootloader.a(main.c.obj)
                0x08009a50                led_off
 .text.led_toggle
                0x08009a70       0x3c platforms/nuttx/src/bootloader/stm/stm32h7/arch_bootloader/libarch_bootloader.a(main.c.obj)
                0x08009a70                led_toggle
 .text.arch_do_jump
                0x08009aac        0xc platforms/nuttx/src/bootloader/stm/stm32h7/arch_bootloader/libarch_bootloader.a(main.c.obj)
                0x08009aac                arch_do_jump
 .text.bootloader_main
                0x08009ab8      0x104 platforms/nuttx/src/bootloader/stm/stm32h7/arch_bootloader/libarch_bootloader.a(main.c.obj)
                0x08009ab8                bootloader_main
 .text.systick_set_reload
                0x08009bbc       0x18 platforms/nuttx/src/bootloader/stm/stm32h7/arch_bootloader/libarch_bootloader.a(systick.c.obj)
                0x08009bbc                systick_set_reload
 .text.systick_set_clocksource
                0x08009bd4       0x20 platforms/nuttx/src/bootloader/stm/stm32h7/arch_bootloader/libarch_bootloader.a(systick.c.obj)
                0x08009bd4                systick_set_clocksource
 .text.systick_counter_enable
                0x08009bf4       0x10 platforms/nuttx/src/bootloader/stm/stm32h7/arch_bootloader/libarch_bootloader.a(systick.c.obj)
                0x08009bf4                systick_counter_enable
 .text.systick_counter_disable
                0x08009c04       0x1c platforms/nuttx/src/bootloader/stm/stm32h7/arch_bootloader/libarch_bootloader.a(systick.c.obj)
                0x08009c04                systick_counter_disable
 .text.systick_interrupt_enable
                0x08009c20       0x10 platforms/nuttx/src/bootloader/stm/stm32h7/arch_bootloader/libarch_bootloader.a(systick.c.obj)
                0x08009c20                systick_interrupt_enable
 .text.systick_interrupt_disable
                0x08009c30       0x10 platforms/nuttx/src/bootloader/stm/stm32h7/arch_bootloader/libarch_bootloader.a(systick.c.obj)
                0x08009c30                systick_interrupt_disable
 .text.board_configure_reset
                0x08009c40       0x40 platforms/nuttx/src/px4/stm/stm32h7/board_reset/libarch_board_reset.a(board_reset.cpp.obj)
                0x08009c40                board_configure_reset
 .text.board_reset
                0x08009c80       0x18 platforms/nuttx/src/px4/stm/stm32h7/board_reset/libarch_board_reset.a(board_reset.cpp.obj)
                0x08009c80                board_reset
 .text.stm32h7_unlock_flash
                0x08009c98       0x24 NuttX/nuttx/arch/arm/src/libarch.a(stm32_flash.o)
 .text.stm32h7_flash_bank
                0x08009cbc       0x34 NuttX/nuttx/arch/arm/src/libarch.a(stm32_flash.o)
 .text.stm32h7_flash_modifyreg32
                0x08009cf0       0x14 NuttX/nuttx/arch/arm/src/libarch.a(stm32_flash.o)
 .text.stm32h7_lock_flash
                0x08009d04        0xa NuttX/nuttx/arch/arm/src/libarch.a(stm32_flash.o)
 *fill*         0x08009d0e        0x2 ffecc2925d7d05c5
 .text.stm32h7_wait_for_last_operation
                0x08009d10       0x28 NuttX/nuttx/arch/arm/src/libarch.a(stm32_flash.o)
 .text.stm32h7_flash_unlock
                0x08009d38       0x26 NuttX/nuttx/arch/arm/src/libarch.a(stm32_flash.o)
                0x08009d38                stm32h7_flash_unlock
 .text.stm32h7_flash_lock
                0x08009d5e       0x28 NuttX/nuttx/arch/arm/src/libarch.a(stm32_flash.o)
                0x08009d5e                stm32h7_flash_lock
 .text.up_progmem_getaddress
                0x08009d86       0x26 NuttX/nuttx/arch/arm/src/libarch.a(stm32_flash.o)
                0x08009d86                up_progmem_getaddress
 .text.up_progmem_ispageerased
                0x08009dac       0x2a NuttX/nuttx/arch/arm/src/libarch.a(stm32_flash.o)
                0x08009dac                up_progmem_ispageerased
 *fill*         0x08009dd6        0x2 ffecc2925d7d05c5
 .text.up_progmem_eraseblock
                0x08009dd8       0xe4 NuttX/nuttx/arch/arm/src/libarch.a(stm32_flash.o)
                0x08009dd8                up_progmem_eraseblock
 .text.up_progmem_write
                0x08009ebc      0x1a0 NuttX/nuttx/arch/arm/src/libarch.a(stm32_flash.o)
                0x08009ebc                up_progmem_write
 .text.up_systemreset
                0x0800a05c       0x20 NuttX/nuttx/arch/arm/src/libarch.a(arm_systemreset.o)
                0x0800a05c                up_systemreset
 .text.fcl_reset
                0x0800a07c        0x8 platforms/nuttx/src/bootloader/common/lib/libbootloader_lib.a(flash_cache.c.obj)
 .text.fc_reset
                0x0800a084       0x20 platforms/nuttx/src/bootloader/common/lib/libbootloader_lib.a(flash_cache.c.obj)
                0x0800a084                fc_reset
 .text.fc_flush
                0x0800a0a4       0x16 platforms/nuttx/src/bootloader/common/lib/libbootloader_lib.a(flash_cache.c.obj)
                0x0800a0a4                fc_flush
 *fill*         0x0800a0ba        0x2 ffecc2925d7d05c5
 .text.fc_write
                0x0800a0bc       0x84 platforms/nuttx/src/bootloader/common/lib/libbootloader_lib.a(flash_cache.c.obj)
                0x0800a0bc                fc_write
 .text.fc_read  0x0800a140       0x58 platforms/nuttx/src/bootloader/common/lib/libbootloader_lib.a(flash_cache.c.obj)
                0x0800a140                fc_read
 *(.fixup)
 *(.gnu.warning)
 *(.rodata .rodata.*)
 .rodata.g_idle_topstack
                0x0800a198        0x4 NuttX/nuttx/arch/arm/src/libarch.a(stm32_start.o)
                0x0800a198                g_idle_topstack
 .rodata.arm_hardfault.str1.1
                0x0800a19c      0x1c5 NuttX/nuttx/arch/arm/src/libarch.a(arm_hardfault.o)
                                 0x18 (size before relaxing)
 .rodata.g_idlename
                0x0800a361        0xa NuttX/nuttx/sched/libsched.a(nx_start.o)
 *fill*         0x0800a36b        0x1 ffecc2925d7d05c5
 .rodata.g_tasklisttable
                0x0800a36c       0x40 NuttX/nuttx/sched/libsched.a(nx_start.o)
                0x0800a36c                g_tasklisttable
 .rodata.nx_start_task.str1.1
                0x0800a3ac       0x10 NuttX/nuttx/sched/libsched.a(nx_bringup.o)
 .rodata.nx_bringup.str1.1
                0x0800a3ac        0xb NuttX/nuttx/sched/libsched.a(nx_bringup.o)
 .rodata.irq_unexpected_isr.str1.1
                0x0800a3ac       0x18 NuttX/nuttx/sched/libsched.a(irq_unexpectedisr.o)
 .rodata.g_noname
                0x0800a3ac        0x9 NuttX/nuttx/sched/libsched.a(task_setup.o)
 *fill*         0x0800a3b5        0x3 ffecc2925d7d05c5
 .rodata.g_defactions
                0x0800a3b8       0x58 NuttX/nuttx/sched/libsched.a(sig_default.o)
 .rodata.sercon_main.str1.1
                0x0800a410       0xc8 NuttX/apps/libapps.a(cdcacm_main.c.Users.carbs.Desktop.PX4-Autopilot.platforms.nuttx.NuttX.apps.system.cdcacm.o)
 .rodata.g_gpiobase
                0x0800a410       0x20 NuttX/nuttx/arch/arm/src/libarch.a(stm32_gpio.o)
                0x0800a410                g_gpiobase
 .rodata.arm_serialinit.str1.1
                0x0800a430        0xb NuttX/nuttx/arch/arm/src/libarch.a(stm32_serial.o)
 .rodata.g_uart_devs
                0x0800a430       0x20 NuttX/nuttx/arch/arm/src/libarch.a(stm32_serial.o)
 .rodata.g_uart_ops
                0x0800a450       0x34 NuttX/nuttx/arch/arm/src/libarch.a(stm32_serial.o)
 .rodata.g_devops
                0x0800a484       0x1c NuttX/nuttx/arch/arm/src/libarch.a(stm32_otgdev.o)
 .rodata.g_epops
                0x0800a4a0       0x1c NuttX/nuttx/arch/arm/src/libarch.a(stm32_otgdev.o)
 .rodata.umm_initialize.str1.1
                0x0800a4bc        0x5 NuttX/nuttx/mm/libmm.a(umm_initialize.o)
 .rodata.g_baud_table
                0x0800a4bc       0xf8 NuttX/nuttx/libs/libc/libc.a(lib_cfspeed.o)
 .rodata.vsprintf_internal.constprop.0.str1.1
                0x0800a5b4        0x8 NuttX/nuttx/libs/libc/libc.a(lib_libvsprintf.o)
 .rodata.g_nullstring
                0x0800a5b4        0x7 NuttX/nuttx/libs/libc/libc.a(lib_libvsprintf.o)
 *fill*         0x0800a5bb        0x5 ffecc2925d7d05c5
 .rodata.g_dtoa_round
                0x0800a5c0       0x80 NuttX/nuttx/libs/libc/libc.a(lib_dtoa_data.o)
                0x0800a5c0                g_dtoa_round
 .rodata.g_dtoa_scale_down
                0x0800a640       0x48 NuttX/nuttx/libs/libc/libc.a(lib_dtoa_data.o)
                0x0800a640                g_dtoa_scale_down
 .rodata.g_dtoa_scale_up
                0x0800a688       0x48 NuttX/nuttx/libs/libc/libc.a(lib_dtoa_data.o)
                0x0800a688                g_dtoa_scale_up
 .rodata.get_version.str1.1
                0x0800a6d0       0x18 platforms/nuttx/src/bootloader/common/libbootloader.a(bl.c.obj)
 .rodata.bl_proto_rev
                0x0800a6d0        0x4 platforms/nuttx/src/bootloader/common/libbootloader.a(bl.c.obj)
 .rodata.usb_cinit.str1.1
                0x0800a6d4        0x3 platforms/nuttx/src/bootloader/common/lib/libbootloader_lib.a(cdcacm.c.obj)
 .rodata.uart_cinit.str1.1
                0x0800a6d4        0xe platforms/nuttx/src/bootloader/common/lib/libbootloader_lib.a(uart.c.obj)
 .rodata.devnull_register.str1.1
                0x0800a6d4        0xa NuttX/nuttx/drivers/libdrivers.a(dev_null.o)
 .rodata.devnull_fops
                0x0800a6d4       0x20 NuttX/nuttx/drivers/libdrivers.a(dev_null.o)
 .rodata.g_serialops
                0x0800a6f4       0x20 NuttX/nuttx/drivers/libdrivers.a(serial.o)
 .rodata.cdcacm_initialize.str1.1
                0x0800a714        0xe NuttX/nuttx/drivers/libdrivers.a(cdcacm.o)
 .rodata.g_uartops
                0x0800a714       0x34 NuttX/nuttx/drivers/libdrivers.a(cdcacm.o)
 .rodata.g_driverops
                0x0800a748       0x18 NuttX/nuttx/drivers/libdrivers.a(cdcacm.o)
 .rodata.cdcacm_mkstrdesc.str1.1
                0x0800a760       0x1e NuttX/nuttx/drivers/libdrivers.a(cdcacm_desc.o)
 .rodata.g_devdesc
                0x0800a760       0x12 NuttX/nuttx/drivers/libdrivers.a(cdcacm_desc.o)
 *fill*         0x0800a772        0x2 ffecc2925d7d05c5
 .rodata.g_default_channel_ops
                0x0800a774       0x14 NuttX/nuttx/drivers/libdrivers.a(syslog_channel.o)
 .rodata.inode_root_reserve.str1.1
                0x0800a788        0x1 NuttX/nuttx/fs/libfs.a(fs_inodereserve.o)
 .rodata.inode_search.str1.1
                0x0800a788        0x7 NuttX/nuttx/fs/libfs.a(fs_inodesearch.o)
 .rodata.g_dir_fileops
                0x0800a788       0x20 NuttX/nuttx/fs/libfs.a(fs_dir.o)
 .rodata.inode_getpath.str1.1
                0x0800a7a8        0x2 NuttX/nuttx/fs/libfs.a(fs_inodegetpath.o)
 .rodata.bootloader_main.str1.1
                0x0800a7a8       0x1e platforms/nuttx/src/bootloader/stm/stm32h7/arch_bootloader/libarch_bootloader.a(main.c.obj)
 .rodata.str1.1
                0x0800a7a8       0x1b platforms/nuttx/src/bootloader/stm/stm32h7/arch_bootloader/libarch_bootloader.a(main.c.obj)
 .rodata._ZL5modes
                0x0800a7a8       0x14 platforms/nuttx/src/px4/stm/stm32h7/board_reset/libarch_board_reset.a(board_reset.cpp.obj)
 *(.gnu.linkonce.t.*)
 *(.glue_7)
 .glue_7        0x0800a7bc        0x0 linker stubs
 *(.glue_7t)
 .glue_7t       0x0800a7bc        0x0 linker stubs
 *(.got)
 *(.gcc_except_table)
 *(.gnu.linkonce.r.*)
                0x0800a7bc                        _etext = ABSOLUTE (.)

.vfp11_veneer   0x0800a7bc        0x0
 .vfp11_veneer  0x0800a7bc        0x0 linker stubs

.v4_bx          0x0800a7bc        0x0
 .v4_bx         0x0800a7bc        0x0 linker stubs

.iplt           0x0800a7bc        0x0
 .iplt          0x0800a7bc        0x0 NuttX/nuttx/arch/arm/src/libarch.a(arm_vectors.o)

.init_section   0x0800a7bc        0x0
                0x0800a7bc                        _sinit = ABSOLUTE (.)
 *(.init_array .init_array.*)
                0x0800a7bc                        _einit = ABSOLUTE (.)

.ARM.extab
 *(.ARM.extab*)
                0x0800a7bc                        __exidx_start = ABSOLUTE (.)

.ARM.exidx      0x0800a7bc        0x8
 *(.ARM.exidx*)
 .ARM.exidx.text.__udivmoddi4
                0x0800a7bc        0x8 /opt/homebrew/Cellar/arm-gcc-bin@13/13.2.rel1/bin/../lib/gcc/arm-none-eabi/13.2.1/thumb/v7e-m+dp/hard/libgcc.a(_udivmoddi4.o)
                0x0800a7c4                        __exidx_end = ABSOLUTE (.)
                0x0800a7c4                        _eronly = ABSOLUTE (.)

.rel.dyn        0x0800a7c4        0x0
 .rel.iplt      0x0800a7c4        0x0 NuttX/nuttx/arch/arm/src/libarch.a(arm_vectors.o)

.data           0x24000000      0x104 load address 0x0800a7c4
                0x24000000                        _sdata = ABSOLUTE (.)
 *(.data .data.*)
 .data.g_usart6priv
                0x24000000       0x78 NuttX/nuttx/arch/arm/src/libarch.a(stm32_serial.o)
 .data.g_usb_df
                0x24000078        0x4 platforms/nuttx/src/bootloader/common/lib/libbootloader_lib.a(cdcacm.c.obj)
                0x24000078                g_usb_df
 .data.g_uart_df
                0x2400007c        0x4 platforms/nuttx/src/bootloader/common/lib/libbootloader_lib.a(uart.c.obj)
                0x2400007c                g_uart_df
 .data.g_syslog_channel
                0x24000080        0x4 NuttX/nuttx/drivers/libdrivers.a(syslog_channel.o)
                0x24000080                g_syslog_channel
 .data.g_default_channel
                0x24000084        0x4 NuttX/nuttx/drivers/libdrivers.a(syslog_channel.o)
 .data.g_inode_lock
                0x24000088        0xc NuttX/nuttx/fs/libfs.a(fs_inode.o)
 .data.g_dir_inode
                0x24000094       0x1c NuttX/nuttx/fs/libfs.a(fs_dir.o)
 .data.board_info
                0x240000b0       0x10 platforms/nuttx/src/bootloader/stm/stm32h7/arch_bootloader/libarch_bootloader.a(main.c.obj)
                0x240000b0                board_info
 .data.mcu_descriptions
                0x240000c0       0x18 platforms/nuttx/src/bootloader/stm/stm32h7/arch_bootloader/libarch_bootloader.a(main.c.obj)
                0x240000c0                mcu_descriptions
 .data.g_divisor
                0x240000d8        0x4 platforms/nuttx/src/bootloader/stm/stm32h7/arch_bootloader/libarch_bootloader.a(systick.c.obj)
                0x240000d8                g_divisor
 .data.stm32h7_flash_bank2_priv
                0x240000dc       0x14 NuttX/nuttx/arch/arm/src/libarch.a(stm32_flash.o)
 .data.stm32h7_flash_bank1_priv
                0x240000f0       0x14 NuttX/nuttx/arch/arm/src/libarch.a(stm32_flash.o)
 *(.gnu.linkonce.d.*)
                0x24000104                        _edata = ABSOLUTE (.)

.igot.plt       0x24000104        0x0 load address 0x0800a8c8
 .igot.plt      0x24000104        0x0 NuttX/nuttx/arch/arm/src/libarch.a(arm_vectors.o)

.bss            0x24000108     0x1438 load address 0x0800a8c8
                0x24000108                        _sbss = ABSOLUTE (.)
 *(.bss .bss.*)
 .bss           0x24000108      0x300 NuttX/nuttx/arch/arm/src/libarch.a(arm_exception.o)
                0x24000108                g_intstackalloc
                0x24000408                g_intstacktop
 .bss.g_bkp_writable_counter
                0x24000408        0x2 NuttX/nuttx/arch/arm/src/libarch.a(stm32_pwr.o)
 *fill*         0x2400040a        0x2 
 .bss.g_current_regs
                0x2400040c        0x4 NuttX/nuttx/arch/arm/src/libarch.a(stm32_irq.o)
                0x2400040c                g_current_regs
 .bss.g_idleargv
                0x24000410        0x8 NuttX/nuttx/sched/libsched.a(nx_start.o)
 .bss.g_idletcb
                0x24000418       0x8c NuttX/nuttx/sched/libsched.a(nx_start.o)
 .bss.g_nx_initstate
                0x240004a4        0x1 NuttX/nuttx/sched/libsched.a(nx_start.o)
                0x240004a4                g_nx_initstate
 *fill*         0x240004a5        0x3 
 .bss.g_npidhash
                0x240004a8        0x4 NuttX/nuttx/sched/libsched.a(nx_start.o)
                0x240004a8                g_npidhash
 .bss.g_pidhash
                0x240004ac        0x4 NuttX/nuttx/sched/libsched.a(nx_start.o)
                0x240004ac                g_pidhash
 .bss.g_lastpid
                0x240004b0        0x4 NuttX/nuttx/sched/libsched.a(nx_start.o)
                0x240004b0                g_lastpid
 .bss.g_inactivetasks
                0x240004b4        0x8 NuttX/nuttx/sched/libsched.a(nx_start.o)
                0x240004b4                g_inactivetasks
 .bss.g_stoppedtasks
                0x240004bc        0x8 NuttX/nuttx/sched/libsched.a(nx_start.o)
                0x240004bc                g_stoppedtasks
 .bss.g_waitingforsignal
                0x240004c4        0x8 NuttX/nuttx/sched/libsched.a(nx_start.o)
                0x240004c4                g_waitingforsignal
 .bss.g_waitingforsemaphore
                0x240004cc        0x8 NuttX/nuttx/sched/libsched.a(nx_start.o)
                0x240004cc                g_waitingforsemaphore
 .bss.g_pendingtasks
                0x240004d4        0x8 NuttX/nuttx/sched/libsched.a(nx_start.o)
                0x240004d4                g_pendingtasks
 .bss.g_running_tasks
                0x240004dc        0x4 NuttX/nuttx/sched/libsched.a(nx_start.o)
                0x240004dc                g_running_tasks
 .bss.g_readytorun
                0x240004e0        0x8 NuttX/nuttx/sched/libsched.a(nx_start.o)
                0x240004e0                g_readytorun
 .bss.g_irqvector
                0x240004e8      0x530 NuttX/nuttx/sched/libsched.a(irq_initialize.o)
                0x240004e8                g_irqvector
 .bss.g_sigpendingirqsignal
                0x24000a18        0x8 NuttX/nuttx/sched/libsched.a(sig_initialize.o)
                0x24000a18                g_sigpendingirqsignal
 .bss.g_sigpendingsignal
                0x24000a20        0x8 NuttX/nuttx/sched/libsched.a(sig_initialize.o)
                0x24000a20                g_sigpendingsignal
 .bss.g_sigpendingirqaction
                0x24000a28        0x8 NuttX/nuttx/sched/libsched.a(sig_initialize.o)
                0x24000a28                g_sigpendingirqaction
 .bss.g_sigpendingaction
                0x24000a30        0x8 NuttX/nuttx/sched/libsched.a(sig_initialize.o)
                0x24000a30                g_sigpendingaction
 .bss.g_sigfreeaction
                0x24000a38        0x8 NuttX/nuttx/sched/libsched.a(sig_initialize.o)
                0x24000a38                g_sigfreeaction
 .bss.g_wdactivelist
                0x24000a40        0x8 NuttX/nuttx/sched/libsched.a(wd_initialize.o)
                0x24000a40                g_wdactivelist
 .bss.g_cdcacm  0x24000a48        0x4 NuttX/apps/libapps.a(cdcacm_main.c.Users.carbs.Desktop.PX4-Autopilot.platforms.nuttx.NuttX.apps.system.cdcacm.o)
 .bss.g_usart6txbuffer
                0x24000a4c      0x12c NuttX/nuttx/arch/arm/src/libarch.a(stm32_serial.o)
 .bss.g_usart6rxbuffer
                0x24000b78      0x258 NuttX/nuttx/arch/arm/src/libarch.a(stm32_serial.o)
 .bss.g_otghsdev
                0x24000dd0      0x1e8 NuttX/nuttx/arch/arm/src/libarch.a(stm32_otgdev.o)
 .bss.g_mmheap  0x24000fb8        0x4 NuttX/nuttx/mm/libmm.a(umm_globals.o)
                0x24000fb8                g_mmheap
 .bss.g_errno   0x24000fbc        0x4 NuttX/nuttx/libs/libc/libc.a(lib_errno.o)
 .bss.inited.0  0x24000fc0        0x4 NuttX/nuttx/libs/libc/libc.a(lib_cxx_initialize.o)
 .bss.crctab.0  0x24000fc4      0x400 platforms/nuttx/src/bootloader/common/libbootloader.a(bl.c.obj)
 .bss.flash_buffer.1
                0x240013c4      0x100 platforms/nuttx/src/bootloader/common/libbootloader.a(bl.c.obj)
 .bss.cin_count
                0x240014c4        0x4 platforms/nuttx/src/bootloader/common/libbootloader.a(bl.c.obj)
 .bss.timer     0x240014c8       0x10 platforms/nuttx/src/bootloader/common/libbootloader.a(bl.c.obj)
                0x240014c8                timer
 .bss._led_state
                0x240014d8        0x1 platforms/nuttx/src/bootloader/common/libbootloader.a(bl.c.obj)
 .bss.last_input
                0x240014d9        0x1 platforms/nuttx/src/bootloader/common/libbootloader.a(bl.c.obj)
 .bss.bl_type   0x240014da        0x1 platforms/nuttx/src/bootloader/common/libbootloader.a(bl.c.obj)
 *fill*         0x240014db        0x1 
 .bss.g_init    0x240014dc        0x4 platforms/nuttx/src/bootloader/common/lib/libbootloader_lib.a(cdcacm.c.obj)
                0x240014dc                g_init
 .bss.g_device  0x240014e0        0x4 platforms/nuttx/src/bootloader/common/lib/libbootloader_lib.a(cdcacm.c.obj)
                0x240014e0                g_device
 .bss.g_root_inode
                0x240014e4        0x4 NuttX/nuttx/fs/libfs.a(fs_inodesearch.o)
                0x240014e4                g_root_inode
 .bss.g_system_timer
                0x240014e8        0x4 NuttX/nuttx/sched/libsched.a(clock_initialize.o)
                0x240014e8                g_system_timer
 .bss.g_saveptr
                0x240014ec        0x4 NuttX/nuttx/libs/libc/libc.a(lib_strtok.o)
 .bss.flash_cache
                0x240014f0       0x50 platforms/nuttx/src/bootloader/common/lib/libbootloader_lib.a(flash_cache.c.obj)
                0x240014f0                flash_cache
 *(.gnu.linkonce.b.*)
 *(COMMON)
                0x24001540                        . = ALIGN (0x4)
                0x24001540                        _ebss = ABSOLUTE (.)

.stab
 *(.stab)

.stabstr
 *(.stabstr)

.stab.excl
 *(.stab.excl)

.stab.exclstr
 *(.stab.exclstr)

.stab.index
 *(.stab.index)

.stab.indexstr
 *(.stab.indexstr)

.comment        0x00000000       0x44
 *(.comment)
 .comment       0x00000000       0x44 NuttX/nuttx/arch/arm/src/libarch.a(arm_vectors.o)
                                 0x45 (size before relaxing)
 .comment       0x00000044       0x45 NuttX/nuttx/arch/arm/src/libarch.a(stm32_start.o)
 .comment       0x00000044       0x45 NuttX/nuttx/arch/arm/src/libarch.a(stm32_rcc.o)
 .comment       0x00000044       0x45 NuttX/nuttx/arch/arm/src/libarch.a(stm32_lowputc.o)
 .comment       0x00000044       0x45 NuttX/nuttx/arch/arm/src/libarch.a(stm32_pwr.o)
 .comment       0x00000044       0x45 NuttX/nuttx/arch/arm/src/libarch.a(arm_modifyreg32.o)
 .comment       0x00000044       0x45 NuttX/nuttx/arch/arm/src/libarch.a(arm_udelay.o)
 .comment       0x00000044       0x45 NuttX/nuttx/arch/arm/src/libarch.a(arm_cache.o)
 .comment       0x00000044       0x45 NuttX/nuttx/arch/arm/src/libarch.a(arm_doirq.o)
 .comment       0x00000044       0x45 NuttX/nuttx/arch/arm/src/libarch.a(arm_fpuconfig.o)
 .comment       0x00000044       0x45 NuttX/nuttx/arch/arm/src/libarch.a(stm32_irq.o)